Archive member included to satisfy reference by file (symbol)

C:/devkitPro/libctru/lib\libctru.a(console.o)
                              main.o (consoleInit)
C:/devkitPro/libctru/lib\libctru.a(gfx.o)
                              C:/devkitPro/libctru/lib\libctru.a(console.o) (gfxIsWide)
C:/devkitPro/libctru/lib\libctru.a(gspgpu.o)
                              C:/devkitPro/libctru/lib\libctru.a(gfx.o) (gspInit)
C:/devkitPro/libctru/lib\libctru.a(hid.o)
                              main.o (hidScanInput)
C:/devkitPro/libctru/lib\libctru.a(apt.o)
                              main.o (aptMainLoop)
C:/devkitPro/libctru/lib\libctru.a(ctru_init.o)
                              C:/devkitPro/libctru/lib\libctru.a(apt.o) (__system_retAddr)
C:/devkitPro/libctru/lib\libctru.a(initArgv.o)
                              C:/devkitPro/libctru/lib\libctru.a(ctru_init.o) (__system_initArgv)
C:/devkitPro/libctru/lib\libctru.a(svc.o)
                              C:/devkitPro/libctru/lib\libctru.a(apt.o) (svcSleepThread)
C:/devkitPro/libctru/lib\libctru.a(stack_adjust.o)
                              c:/devkitpro/devkitarm/bin/../lib/gcc/arm-none-eabi/12.2.0/../../../../arm-none-eabi/lib/armv6k/fpu/3dsx_crt0.o (initSystem)
C:/devkitPro/libctru/lib\libctru.a(default_font.bin.o)
                              C:/devkitPro/libctru/lib\libctru.a(console.o) (default_font_bin)
C:/devkitPro/libctru/lib\libctru.a(vram.o)
                              C:/devkitPro/libctru/lib\libctru.a(gfx.o) (vramAlloc)
C:/devkitPro/libctru/lib\libctru.a(linear.o)
                              C:/devkitPro/libctru/lib\libctru.a(gfx.o) (linearAlloc)
C:/devkitPro/libctru/lib\libctru.a(mem_pool.o)
                              C:/devkitPro/libctru/lib\libctru.a(vram.o) (MemPool::Allocate(MemChunk&, unsigned long, int))
C:/devkitPro/libctru/lib\libctru.a(synchronization.o)
                              C:/devkitPro/libctru/lib\libctru.a(ctru_init.o) (__sync_init)
C:/devkitPro/libctru/lib\libctru.a(os.o)
                              C:/devkitPro/libctru/lib\libctru.a(apt.o) (__ctru_speedup_config)
C:/devkitPro/libctru/lib\libctru.a(3dslink.o)
                              C:/devkitPro/libctru/lib\libctru.a(initArgv.o) (__3dslink_host)
C:/devkitPro/libctru/lib\libctru.a(srv.o)
                              C:/devkitPro/libctru/lib\libctru.a(apt.o) (srvInit)
C:/devkitPro/libctru/lib\libctru.a(thread.o)
                              C:/devkitPro/libctru/lib\libctru.a(gspgpu.o) (threadCreate)
C:/devkitPro/libctru/lib\libctru.a(mappable.o)
                              C:/devkitPro/libctru/lib\libctru.a(gspgpu.o) (mappableAlloc)
C:/devkitPro/libctru/lib\libctru.a(irrst.o)
                              C:/devkitPro/libctru/lib\libctru.a(hid.o) (irrstInit)
C:/devkitPro/libctru/lib\libctru.a(srvpm.o)
                              C:/devkitPro/libctru/lib\libctru.a(srv.o) (srvPmGetSessionHandle)
C:/devkitPro/libctru/lib\libctru.a(ptmsysm.o)
                              C:/devkitPro/libctru/lib\libctru.a(os.o) (ptmSysmInit)
C:/devkitPro/libctru/lib\libctru.a(soc_connect.o)
                              C:/devkitPro/libctru/lib\libctru.a(3dslink.o) (connect)
C:/devkitPro/libctru/lib\libctru.a(soc_socket.o)
                              C:/devkitPro/libctru/lib\libctru.a(3dslink.o) (socket)
C:/devkitPro/libctru/lib\libctru.a(soc_common.o)
                              C:/devkitPro/libctru/lib\libctru.a(soc_connect.o) (_net_convert_error)
C:/devkitPro/libctru/lib\libctru.a(rbtree_init.o)
                              C:/devkitPro/libctru/lib\libctru.a(vram.o) (rbtree_init)
C:/devkitPro/libctru/lib\libctru.a(rbtree_insert.o)
                              C:/devkitPro/libctru/lib\libctru.a(vram.o) (rbtree_insert)
C:/devkitPro/libctru/lib\libctru.a(rbtree_rotate.o)
                              C:/devkitPro/libctru/lib\libctru.a(rbtree_insert.o) (rbtree_rotate)
C:/devkitPro/libctru/lib\libctru.a(rbtree_remove.o)
                              C:/devkitPro/libctru/lib\libctru.a(vram.o) (rbtree_remove)
C:/devkitPro/libctru/lib\libctru.a(rbtree_find.o)
                              C:/devkitPro/libctru/lib\libctru.a(vram.o) (rbtree_find)
C:/devkitPro/libctru/lib\libctru.a(appInit.o)
                              C:/devkitPro/libctru/lib\libctru.a(stack_adjust.o) (__appInit)
C:/devkitPro/libctru/lib\libctru.a(syscalls.o)
                              C:/devkitPro/libctru/lib\libctru.a(thread.o) (initThreadVars)
C:/devkitPro/libctru/lib\libctru.a(allocateHeaps.o)
                              C:/devkitPro/libctru/lib\libctru.a(ctru_init.o) (__system_allocateHeaps)
C:/devkitPro/libctru/lib\libctru.a(appExit.o)
                              C:/devkitPro/libctru/lib\libctru.a(stack_adjust.o) (__appExit)
C:/devkitPro/libctru/lib\libctru.a(ctru_exit.o)
                              C:/devkitPro/libctru/lib\libctru.a(stack_adjust.o) (__libctru_exit)
C:/devkitPro/libctru/lib\libctru.a(env.o)
[...]
Memory Configuration

Name             Origin             Length             Attributes
*default*        0x00000000         0xffffffff

Linker script and memory map

                0x00100000                        PROVIDE (__start__ = 0x100000)
                0x00100000                        . = __start__

.text           0x00100000    0x20db8
 *(.crt0)
 .crt0          0x00100000       0x94 c:/devkitpro/devkitarm/bin/../lib/gcc/arm-none-eabi/12.2.0/../../../../arm-none-eabi/lib/armv6k/fpu/3dsx_crt0.o
                0x00100000                _start
                0x00100008                __service_ptr
                0x0010000c                __apt_appid
                0x00100010                __heap_size
                0x00100014                __linear_heap_size
                0x00100018                __system_arglist
                0x0010001c                __system_runflags
 *(.init)
 .init          0x00100094        0xc c:/devkitpro/devkitarm/bin/../lib/gcc/arm-none-eabi/12.2.0/armv6k/fpu/crti.o
                0x00100094                _init
 .init          0x001000a0        0xc c:/devkitpro/devkitarm/bin/../lib/gcc/arm-none-eabi/12.2.0/armv6k/fpu/crtn.o
                0x001000ac                        . = ALIGN (0x4)
 *(.text)
 .text          0x001000ac      0x240 c:/devkitpro/devkitarm/bin/../lib/gcc/arm-none-eabi/12.2.0/armv6k/fpu\libgcc.a(_divsi3.o)
                0x001000ac                __divsi3
                0x001000ac                __aeabi_idiv
                0x001002cc                __aeabi_idivmod
 .text          0x001002ec        0x4 c:/devkitpro/devkitarm/bin/../lib/gcc/arm-none-eabi/12.2.0/armv6k/fpu\libgcc.a(_dvmd_tls.o)
                0x001002ec                __aeabi_idiv0
                0x001002ec                __aeabi_ldiv0
 .text          0x001002f0       0x3c c:/devkitpro/devkitarm/bin/../lib/gcc/arm-none-eabi/12.2.0/armv6k/fpu\libgcc.a(_aeabi_uldivmod.o)
                0x001002f0                __aeabi_uldivmod
 *fill*         0x0010032c       0x14 
 .text          0x00100340      0x390 c:/devkitpro/devkitarm/bin/../lib/gcc/arm-none-eabi/12.2.0/../../../../arm-none-eabi/lib/armv6k/fpu\libg.a(libc_a-strcmp.o)
                0x00100348                strcmp
 .text          0x001006d0      0x20c c:/devkitpro/devkitarm/bin/../lib/gcc/arm-none-eabi/12.2.0/armv6k/fpu\libgcc.a(_udivsi3.o)
                0x001006d0                __aeabi_uidiv
                0x001006d0                __udivsi3
                0x001008bc                __aeabi_uidivmod
 .text          0x001008dc      0x3c0 c:/devkitpro/devkitarm/bin/../lib/gcc/arm-none-eabi/12.2.0/armv6k/fpu\libgcc.a(_arm_addsubdf3.o)
                0x001008dc                __aeabi_drsub
                0x001008e4                __aeabi_dsub
                0x001008e4                __subdf3
                0x001008e8                __aeabi_dadd
                0x001008e8                __adddf3
                0x00100b94                __floatunsidf
                0x00100b94                __aeabi_ui2d
                0x00100bb8                __floatsidf
                0x00100bb8                __aeabi_i2d
                0x00100be0                __aeabi_f2d
                0x00100be0                __extendsfdf2
                0x00100c28                __floatundidf
                0x00100c28                __aeabi_ul2d
                0x00100c3c                __floatdidf
                0x00100c3c                __aeabi_l2d
 *(.text.*)
 .text.__do_global_dtors_aux
                0x00100c9c       0x40 c:/devkitpro/devkitarm/bin/../lib/gcc/arm-none-eabi/12.2.0/armv6k/fpu/crtbegin.o
 .text.frame_dummy
                0x00100cdc       0x2c c:/devkitpro/devkitarm/bin/../lib/gcc/arm-none-eabi/12.2.0/armv6k/fpu/crtbegin.o
 .text.startup.main
                0x00100d08       0xb0 main.o
                0x00100d08                main
 .text.parseColor
                0x00100db8      0x1e8 C:/devkitPro/libctru/lib\libctru.a(console.o)
 .text.consoleDrawChar
                0x00100fa0      0x1ac C:/devkitPro/libctru/lib\libctru.a(console.o)
                0x00100fa0                consoleDrawChar
 .text.consolePrintChar
                0x0010114c      0x124 C:/devkitPro/libctru/lib\libctru.a(console.o)
                0x0010114c                consolePrintChar
 .text.con_write
                0x00101270      0xb94 C:/devkitPro/libctru/lib\libctru.a(console.o)
                0x00101270                con_write
 .text.newRow   0x00101e04       0xfc C:/devkitPro/libctru/lib\libctru.a(console.o)
 .text.consoleInit
                0x00101f00      0x170 C:/devkitPro/libctru/lib\libctru.a(console.o)
                0x00101f00                consoleInit
 .text.gfxPresentFramebuffer
                0x00102070       0xd0 C:/devkitPro/libctru/lib\libctru.a(gfx.o)
 .text.gfxIsWide
                0x00102140       0x1c C:/devkitPro/libctru/lib\libctru.a(gfx.o)
                0x00102140                gfxIsWide
 .text.gfxSetScreenFormat
                0x0010215c       0xec C:/devkitPro/libctru/lib\libctru.a(gfx.o)
                0x0010215c                gfxSetScreenFormat
 .text.gfxSetDoubleBuffering
                0x00102248       0x10 C:/devkitPro/libctru/lib\libctru.a(gfx.o)
                0x00102248                gfxSetDoubleBuffering
 .text.gfxInit  0x00102258       0xe0 C:/devkitPro/libctru/lib\libctru.a(gfx.o)
                0x00102258                gfxInit
 .text.gfxInitDefault
                0x00102338       0x10 C:/devkitPro/libctru/lib\libctru.a(gfx.o)
                0x00102338                gfxInitDefault
 .text.gfxExit  0x00102348       0xb4 C:/devkitPro/libctru/lib\libctru.a(gfx.o)
                0x00102348                gfxExit
 .text.gfxGetFramebuffer
                0x001023fc       0xa0 C:/devkitPro/libctru/lib\libctru.a(gfx.o)
                0x001023fc                gfxGetFramebuffer
 .text.gfxFlushBuffers
                0x0010249c      0x104 C:/devkitPro/libctru/lib\libctru.a(gfx.o)
                0x0010249c                gfxFlushBuffers
 .text.gfxSwapBuffers
                0x001025a0       0x50 C:/devkitPro/libctru/lib\libctru.a(gfx.o)
                0x001025a0                gfxSwapBuffers
 .text.gfxSwapBuffersGpu
                0x001025f0       0x50 C:/devkitPro/libctru/lib\libctru.a(gfx.o)
                0x001025f0                gfxSwapBuffersGpu
 .text.gspHardwareInit
                0x00102640      0xc58 C:/devkitPro/libctru/lib\libctru.a(gspgpu.o)
 .text.gspInit  0x00103298      0x248 C:/devkitPro/libctru/lib\libctru.a(gspgpu.o)
                0x00103298                gspInit
 .text.gspExit  0x001034e0       0xf0 C:/devkitPro/libctru/lib\libctru.a(gspgpu.o)
                0x001034e0                gspExit
 .text.gspHasGpuRight
                0x001035d0       0x10 C:/devkitPro/libctru/lib\libctru.a(gspgpu.o)
                0x001035d0                gspHasGpuRight
 .text.gspPresentBuffer
                0x001035e0       0xa0 C:/devkitPro/libctru/lib\libctru.a(gspgpu.o)
                0x001035e0                gspPresentBuffer
 .text.gspWaitForEvent
                0x00103680       0x44 C:/devkitPro/libctru/lib\libctru.a(gspgpu.o)
                0x00103680                gspWaitForEvent
 .text.gxCmdQueueInterrupt
                0x001036c4        0x4 C:/devkitPro/libctru/lib\libctru.a(gspgpu.o)
                0x001036c4                gxCmdQueueInterrupt
 .text.gspEventThreadMain
                0x001036c8      0x158 C:/devkitPro/libctru/lib\libctru.a(gspgpu.o)
 .text.GSPGPU_FlushDataCache
                0x00103820       0x50 C:/devkitPro/libctru/lib\libctru.a(gspgpu.o)
                0x00103820                GSPGPU_FlushDataCache
 .text.GSPGPU_SetLcdForceBlack
                0x00103870       0x34 C:/devkitPro/libctru/lib\libctru.a(gspgpu.o)
                0x00103870                GSPGPU_SetLcdForceBlack
 .text.GSPGPU_AcquireRight
                0x001038a4       0x68 C:/devkitPro/libctru/lib\libctru.a(gspgpu.o)
                0x001038a4                GSPGPU_AcquireRight
 .text.GSPGPU_ReleaseRight
                0x0010390c       0x48 C:/devkitPro/libctru/lib\libctru.a(gspgpu.o)
                0x0010390c                GSPGPU_ReleaseRight
 .text.GSPGPU_ImportDisplayCaptureInfo
                0x00103954       0x7c C:/devkitPro/libctru/lib\libctru.a(gspgpu.o)
                0x00103954                GSPGPU_ImportDisplayCaptureInfo
 .text.GSPGPU_SaveVramSysArea
                0x001039d0       0x2c C:/devkitPro/libctru/lib\libctru.a(gspgpu.o)
                0x001039d0                GSPGPU_SaveVramSysArea
 .text.GSPGPU_RestoreVramSysArea
                0x001039fc       0x2c C:/devkitPro/libctru/lib\libctru.a(gspgpu.o)
                0x001039fc                GSPGPU_RestoreVramSysArea
 .text.hidShouldUseIrrst
                0x00103a28       0x24 C:/devkitPro/libctru/lib\libctru.a(hid.o)
                0x00103a28                hidShouldUseIrrst
 .text.hidInit  0x00103a4c      0x18c C:/devkitPro/libctru/lib\libctru.a(hid.o)
                0x00103a4c                hidInit
 .text.hidExit  0x00103bd8       0xe8 C:/devkitPro/libctru/lib\libctru.a(hid.o)
                0x00103bd8                hidExit
 .text.hidScanInput
                0x00103cc0      0x2a4 C:/devkitPro/libctru/lib\libctru.a(hid.o)
                0x00103cc0                hidScanInput
 .text.hidKeysHeld
                0x00103f64       0x10 C:/devkitPro/libctru/lib\libctru.a(hid.o)
                0x00103f64                hidKeysHeld
 .text.hidKeysDown
                0x00103f74       0x10 C:/devkitPro/libctru/lib\libctru.a(hid.o)
                0x00103f74                hidKeysDown
 .text.hidTouchRead
                0x00103f84       0x18 C:/devkitPro/libctru/lib\libctru.a(hid.o)
                0x00103f84                hidTouchRead
 .text.aptConvertScreenForCapture
                0x00103f9c      0x1a4 C:/devkitPro/libctru/lib\libctru.a(apt.o)
 .text.aptDspSleep
                0x00104140        0x8 C:/devkitPro/libctru/lib\libctru.a(apt.o)
                0x00104140                aptDspSleep
 .text.aptDspWakeup
                0x00104148        0x4 C:/devkitPro/libctru/lib\libctru.a(apt.o)
                0x00104148                aptDspWakeup
 .text.aptDspCancel
                0x0010414c        0x4 C:/devkitPro/libctru/lib\libctru.a(apt.o)
                0x0010414c                aptDspCancel
 .text.aptSendCommand
                0x00104150      0x158 C:/devkitPro/libctru/lib\libctru.a(apt.o)
                0x00104150                aptSendCommand
 .text.aptExitProcess
                0x001042a8       0x44 C:/devkitPro/libctru/lib\libctru.a(apt.o)
 .text.aptExit  0x001042ec      0x38c C:/devkitPro/libctru/lib\libctru.a(apt.o)
                0x001042ec                aptExit
 .text.aptHandleSleep
                0x00104678       0xe0 C:/devkitPro/libctru/lib\libctru.a(apt.o)
                0x00104678                aptHandleSleep
 .text.APT_SleepIfShellClosed
                0x00104758       0x84 C:/devkitPro/libctru/lib\libctru.a(apt.o)
                0x00104758                APT_SleepIfShellClosed
 .text.aptSetSleepAllowed
                0x001047dc       0x84 C:/devkitPro/libctru/lib\libctru.a(apt.o)
                0x001047dc                aptSetSleepAllowed
 .text.APT_UnlockTransition
                0x00104860       0x84 C:/devkitPro/libctru/lib\libctru.a(apt.o)
                0x00104860                APT_UnlockTransition
 *fill*         0x001048e4        0x4 
 .text.aptEventHandler
                0x001048e8      0x4a4 C:/devkitPro/libctru/lib\libctru.a(apt.o)
 .text.APT_ReceiveParameter
                0x00104d8c       0xb0 C:/devkitPro/libctru/lib\libctru.a(apt.o)
                0x00104d8c                APT_ReceiveParameter
 .text.aptReceiveParameter.constprop.0
                0x00104e3c       0xb0 C:/devkitPro/libctru/lib\libctru.a(apt.o)
 *fill*         0x00104eec        0x4 
 .text.aptScreenTransfer
                0x00104ef0      0x2ac C:/devkitPro/libctru/lib\libctru.a(apt.o)
 .text.aptWaitForWakeUp.isra.0
                0x0010519c      0x344 C:/devkitPro/libctru/lib\libctru.a(apt.o)
 .text.aptJumpToHomeMenu
                0x001054e0      0x100 C:/devkitPro/libctru/lib\libctru.a(apt.o)
                0x001054e0                aptJumpToHomeMenu
 .text.aptMainLoop
                0x001055e0       0x48 C:/devkitPro/libctru/lib\libctru.a(apt.o)
                0x001055e0                aptMainLoop
 .text.aptInit  0x00105628      0x22c C:/devkitPro/libctru/lib\libctru.a(apt.o)
                0x00105628                aptInit
 .text.APT_CheckNew3DS
                0x00105854       0x7c C:/devkitPro/libctru/lib\libctru.a(apt.o)
                0x00105854                APT_CheckNew3DS
 .text.__libctru_init
                0x001058d0       0x38 C:/devkitPro/libctru/lib\libctru.a(ctru_init.o)
                0x001058d0                __libctru_init
 .text.__system_initArgv
                0x00105908      0x170 C:/devkitPro/libctru/lib\libctru.a(initArgv.o)
                0x00105908                __system_initArgv
 .text.svcControlMemory
                0x00105a78       0x20 C:/devkitPro/libctru/lib\libctru.a(svc.o)
                0x00105a78                svcControlMemory
 .text.svcQueryMemory
                0x00105a98       0x30 C:/devkitPro/libctru/lib\libctru.a(svc.o)
                0x00105a98                svcQueryMemory
 .text.svcExitProcess
                0x00105ac8        0x8 C:/devkitPro/libctru/lib\libctru.a(svc.o)
                0x00105ac8                svcExitProcess
 .text.svcCreateThread
                0x00105ad0       0x20 C:/devkitPro/libctru/lib\libctru.a(svc.o)
                0x00105ad0                svcCreateThread
 .text.svcExitThread
                0x00105af0        0x8 C:/devkitPro/libctru/lib\libctru.a(svc.o)
                0x00105af0                svcExitThread
 .text.svcSleepThread
                0x00105af8        0x8 C:/devkitPro/libctru/lib\libctru.a(svc.o)
                0x00105af8                svcSleepThread
 .text.svcReleaseMutex
                0x00105b00        0x8 C:/devkitPro/libctru/lib\libctru.a(svc.o)
                0x00105b00                svcReleaseMutex
 .text.svcCreateEvent
                0x00105b08       0x14 C:/devkitPro/libctru/lib\libctru.a(svc.o)
                0x00105b08                svcCreateEvent
 .text.svcSignalEvent
                0x00105b1c        0x8 C:/devkitPro/libctru/lib\libctru.a(svc.o)
                0x00105b1c                svcSignalEvent
 .text.svcClearEvent
                0x00105b24        0x8 C:/devkitPro/libctru/lib\libctru.a(svc.o)
                0x00105b24                svcClearEvent
 .text.svcMapMemoryBlock
                0x00105b2c        0x8 C:/devkitPro/libctru/lib\libctru.a(svc.o)
                0x00105b2c                svcMapMemoryBlock
 .text.svcUnmapMemoryBlock
                0x00105b34        0x8 C:/devkitPro/libctru/lib\libctru.a(svc.o)
                0x00105b34                svcUnmapMemoryBlock
 .text.svcCreateAddressArbiter
                0x00105b3c       0x14 C:/devkitPro/libctru/lib\libctru.a(svc.o)
                0x00105b3c                svcCreateAddressArbiter
 .text.svcArbitrateAddressNoTimeout
                0x00105b50        0x8 C:/devkitPro/libctru/lib\libctru.a(svc.o)
                0x00105b50                svcArbitrateAddressNoTimeout
 .text.svcCloseHandle
                0x00105b58        0x8 C:/devkitPro/libctru/lib\libctru.a(svc.o)
                0x00105b58                svcCloseHandle
 .text.svcWaitSynchronization
                0x00105b60        0x8 C:/devkitPro/libctru/lib\libctru.a(svc.o)
                0x00105b60                svcWaitSynchronization
 .text.svcWaitSynchronizationN
                0x00105b68       0x28 C:/devkitPro/libctru/lib\libctru.a(svc.o)
                0x00105b68                svcWaitSynchronizationN
 .text.svcDuplicateHandle
                0x00105b90       0x14 C:/devkitPro/libctru/lib\libctru.a(svc.o)
                0x00105b90                svcDuplicateHandle
 .text.svcConnectToPort
                0x00105ba4       0x14 C:/devkitPro/libctru/lib\libctru.a(svc.o)
                0x00105ba4                svcConnectToPort
 .text.svcSendSyncRequest
                0x00105bb8        0x8 C:/devkitPro/libctru/lib\libctru.a(svc.o)
                0x00105bb8                svcSendSyncRequest
 .text.svcGetResourceLimit
                0x00105bc0       0x14 C:/devkitPro/libctru/lib\libctru.a(svc.o)
                0x00105bc0                svcGetResourceLimit
 .text.svcGetResourceLimitLimitValues
                0x00105bd4        0x8 C:/devkitPro/libctru/lib\libctru.a(svc.o)
                0x00105bd4                svcGetResourceLimitLimitValues
 .text.svcGetResourceLimitCurrentValues
                0x00105bdc        0x8 C:/devkitPro/libctru/lib\libctru.a(svc.o)
                0x00105bdc                svcGetResourceLimitCurrentValues
 .text.svcBreak
                0x00105be4        0x8 C:/devkitPro/libctru/lib\libctru.a(svc.o)
                0x00105be4                svcBreak
 .text.initSystem
                0x00105bec       0x50 C:/devkitPro/libctru/lib\libctru.a(stack_adjust.o)
                0x00105bec                initSystem
 .text.__ctru_exit
                0x00105c3c       0x18 C:/devkitPro/libctru/lib\libctru.a(stack_adjust.o)
                0x00105c3c                __ctru_exit
 .text._ZL21addrMapNodeComparatorPK11rbtree_nodeS1_
                0x00105c54       0x24 C:/devkitPro/libctru/lib\libctru.a(vram.o)
 .text._ZL21addrMapNodeDestructorP11rbtree_node
                0x00105c78        0x4 C:/devkitPro/libctru/lib\libctru.a(vram.o)
 .text.vramMemAlignAt
                0x00105c7c      0x250 C:/devkitPro/libctru/lib\libctru.a(vram.o)
                0x00105c7c                vramMemAlignAt
 .text.vramAlloc
                0x00105ecc        0xc C:/devkitPro/libctru/lib\libctru.a(vram.o)
                0x00105ecc                vramAlloc
 .text.vramFree
                0x00105ed8       0x90 C:/devkitPro/libctru/lib\libctru.a(vram.o)
                0x00105ed8                vramFree
 .text._ZL21addrMapNodeComparatorPK11rbtree_nodeS1_
                0x00105f68       0x24 C:/devkitPro/libctru/lib\libctru.a(linear.o)
 .text._ZL21addrMapNodeDestructorP11rbtree_node
                0x00105f8c        0x4 C:/devkitPro/libctru/lib\libctru.a(linear.o)
 .text.linearMemAlign
                0x00105f90      0x120 C:/devkitPro/libctru/lib\libctru.a(linear.o)
                0x00105f90                linearMemAlign
 .text.linearAlloc
                0x001060b0        0x8 C:/devkitPro/libctru/lib\libctru.a(linear.o)
                0x001060b0                linearAlloc
 .text.linearFree
                0x001060b8       0x5c C:/devkitPro/libctru/lib\libctru.a(linear.o)
                0x001060b8                linearFree
 .text._ZN7MemPool13CoalesceRightEP8MemBlock
                0x00106114       0x80 C:/devkitPro/libctru/lib\libctru.a(mem_pool.o)
                0x00106114                MemPool::CoalesceRight(MemBlock*)
 .text._ZN7MemPool8AllocateER8MemChunkmi
                0x00106194      0x16c C:/devkitPro/libctru/lib\libctru.a(mem_pool.o)
                0x00106194                MemPool::Allocate(MemChunk&, unsigned long, int)
 .text._ZN7MemPool10DeallocateERK8MemChunk
                0x00106300       0xfc C:/devkitPro/libctru/lib\libctru.a(mem_pool.o)
                0x00106300                MemPool::Deallocate(MemChunk const&)
 .text._ZN7MemPool12GetFreeSpaceEv
                0x001063fc       0x30 C:/devkitPro/libctru/lib\libctru.a(mem_pool.o)
                0x001063fc                MemPool::GetFreeSpace()
 .text.__sync_init
                0x0010642c        0xc C:/devkitPro/libctru/lib\libctru.a(synchronization.o)
                0x0010642c                __sync_init
 .text.__sync_fini
                0x00106438       0x18 C:/devkitPro/libctru/lib\libctru.a(synchronization.o)
                0x00106438                __sync_fini
 .text.syncArbitrateAddress
                0x00106450       0x2c C:/devkitPro/libctru/lib\libctru.a(synchronization.o)
                0x00106450                syncArbitrateAddress
 .text.LightLock_Lock
                0x0010647c       0xb0 C:/devkitPro/libctru/lib\libctru.a(synchronization.o)
                0x0010647c                LightLock_Lock
 .text.LightLock_Unlock
                0x0010652c       0x40 C:/devkitPro/libctru/lib\libctru.a(synchronization.o)
                0x0010652c                LightLock_Unlock
 .text.RecursiveLock_Lock
                0x0010656c       0x30 C:/devkitPro/libctru/lib\libctru.a(synchronization.o)
                0x0010656c                RecursiveLock_Lock
 .text.RecursiveLock_Unlock
                0x0010659c       0x54 C:/devkitPro/libctru/lib\libctru.a(synchronization.o)
                0x0010659c                RecursiveLock_Unlock
 .text.LightEvent_Init
                0x001065f0       0x40 C:/devkitPro/libctru/lib\libctru.a(synchronization.o)
                0x001065f0                LightEvent_Init
 .text.LightEvent_Clear
                0x00106630       0xa4 C:/devkitPro/libctru/lib\libctru.a(synchronization.o)
                0x00106630                LightEvent_Clear
 .text.LightEvent_Signal
                0x001066d4       0xc8 C:/devkitPro/libctru/lib\libctru.a(synchronization.o)
                0x001066d4                LightEvent_Signal
 .text.LightEvent_TryWait
                0x0010679c       0x50 C:/devkitPro/libctru/lib\libctru.a(synchronization.o)
                0x0010679c                LightEvent_TryWait
 .text.LightEvent_Wait
                0x001067ec       0xb0 C:/devkitPro/libctru/lib\libctru.a(synchronization.o)
                0x001067ec                LightEvent_Wait
 .text.__ctru_speedup_config
                0x0010689c       0x34 C:/devkitPro/libctru/lib\libctru.a(os.o)
                0x0010689c                __ctru_speedup_config
 .text.srvInit  0x001068d0      0x130 C:/devkitPro/libctru/lib\libctru.a(srv.o)
                0x001068d0                srvInit
 .text.srvExit  0x00106a00       0x58 C:/devkitPro/libctru/lib\libctru.a(srv.o)
                0x00106a00                srvExit
 .text.srvEnableNotification
                0x00106a58       0x60 C:/devkitPro/libctru/lib\libctru.a(srv.o)
                0x00106a58                srvEnableNotification
 .text.srvGetServiceHandleDirect
                0x00106ab8       0xa0 C:/devkitPro/libctru/lib\libctru.a(srv.o)
                0x00106ab8                srvGetServiceHandleDirect
 .text.srvGetServiceHandle
                0x00106b58       0x38 C:/devkitPro/libctru/lib\libctru.a(srv.o)
                0x00106b58                srvGetServiceHandle
 .text.srvSubscribe
                0x00106b90       0x34 C:/devkitPro/libctru/lib\libctru.a(srv.o)
                0x00106b90                srvSubscribe
 .text.srvReceiveNotification
                0x00106bc4       0x60 C:/devkitPro/libctru/lib\libctru.a(srv.o)
                0x00106bc4                srvReceiveNotification
 .text.srvPublishToSubscriber
                0x00106c24       0x38 C:/devkitPro/libctru/lib\libctru.a(srv.o)
                0x00106c24                srvPublishToSubscriber
 .text.threadCreate
                0x00106c5c      0x1d4 C:/devkitPro/libctru/lib\libctru.a(thread.o)
                0x00106c5c                threadCreate
 .text.threadFree
                0x00106e30       0x2c C:/devkitPro/libctru/lib\libctru.a(thread.o)
                0x00106e30                threadFree
 .text.threadJoin
                0x00106e5c       0x24 C:/devkitPro/libctru/lib\libctru.a(thread.o)
                0x00106e5c                threadJoin
 .text.threadGetCurrent
                0x00106e80       0x30 C:/devkitPro/libctru/lib\libctru.a(thread.o)
                0x00106e80                threadGetCurrent
 .text.threadExit
                0x00106eb0       0x40 C:/devkitPro/libctru/lib\libctru.a(thread.o)
                0x00106eb0                threadExit
 .text._thread_begin
                0x00106ef0       0x20 C:/devkitPro/libctru/lib\libctru.a(thread.o)
 .text.mappableFindAddressWithin
                0x00106f10       0xb4 C:/devkitPro/libctru/lib\libctru.a(mappable.o)
 .text.mappableInit
                0x00106fc4       0x28 C:/devkitPro/libctru/lib\libctru.a(mappable.o)
                0x00106fc4                mappableInit
 .text.mappableAlloc
                0x00106fec       0x80 C:/devkitPro/libctru/lib\libctru.a(mappable.o)
                0x00106fec                mappableAlloc
 .text.mappableFree
                0x0010706c        0x4 C:/devkitPro/libctru/lib\libctru.a(mappable.o)
                0x0010706c                mappableFree
 .text.irrstInit
                0x00107070      0x164 C:/devkitPro/libctru/lib\libctru.a(irrst.o)
                0x00107070                irrstInit
 .text.irrstExit
                0x001071d4       0xcc C:/devkitPro/libctru/lib\libctru.a(irrst.o)
                0x001071d4                irrstExit
 .text.irrstScanInput
                0x001072a0       0xb4 C:/devkitPro/libctru/lib\libctru.a(irrst.o)
                0x001072a0                irrstScanInput
 .text.irrstKeysHeld
                0x00107354       0x24 C:/devkitPro/libctru/lib\libctru.a(irrst.o)
                0x00107354                irrstKeysHeld
 .text.srvPmGetSessionHandle
                0x00107378        0xc C:/devkitPro/libctru/lib\libctru.a(srvpm.o)
                0x00107378                srvPmGetSessionHandle
 .text.ptmSysmInit
                0x00107384       0x74 C:/devkitPro/libctru/lib\libctru.a(ptmsysm.o)
                0x00107384                ptmSysmInit
 .text.ptmSysmExit
                0x001073f8       0x3c C:/devkitPro/libctru/lib\libctru.a(ptmsysm.o)
                0x001073f8                ptmSysmExit
 .text.PTMSYSM_ConfigureNew3DSCPU
                0x00107434       0x34 C:/devkitPro/libctru/lib\libctru.a(ptmsysm.o)
                0x00107434                PTMSYSM_ConfigureNew3DSCPU
 .text.rbtree_init
                0x00107468       0x10 C:/devkitPro/libctru/lib\libctru.a(rbtree_init.o)
                0x00107468                rbtree_init
 .text.do_insert
                0x00107478      0x1b4 C:/devkitPro/libctru/lib\libctru.a(rbtree_insert.o)
 .text.rbtree_insert
                0x0010762c        0x8 C:/devkitPro/libctru/lib\libctru.a(rbtree_insert.o)
                0x0010762c                rbtree_insert
 .text.rbtree_rotate
                0x00107634       0x90 C:/devkitPro/libctru/lib\libctru.a(rbtree_rotate.o)
                0x00107634                rbtree_rotate
 .text.rbtree_remove
                0x001076c4      0x318 C:/devkitPro/libctru/lib\libctru.a(rbtree_remove.o)
                0x001076c4                rbtree_remove
 .text.rbtree_find
                0x001079dc       0x74 C:/devkitPro/libctru/lib\libctru.a(rbtree_find.o)
                0x001079dc                rbtree_find
 .text.__appInit
                0x00107a50       0x30 C:/devkitPro/libctru/lib\libctru.a(appInit.o)
                0x00107a50                __appInit
 .text.__syscall_getreent
                0x00107a80       0x30 C:/devkitPro/libctru/lib\libctru.a(syscalls.o)
                0x00107a80                __syscall_getreent
 .text.__syscall_lock_acquire
                0x00107ab0        0x4 C:/devkitPro/libctru/lib\libctru.a(syscalls.o)
                0x00107ab0                __syscall_lock_acquire
 .text.__syscall_lock_release
                0x00107ab4        0x4 C:/devkitPro/libctru/lib\libctru.a(syscalls.o)
                0x00107ab4                __syscall_lock_release
 .text.__syscall_lock_acquire_recursive
                0x00107ab8        0x4 C:/devkitPro/libctru/lib\libctru.a(syscalls.o)
                0x00107ab8                __syscall_lock_acquire_recursive
 .text.__syscall_lock_release_recursive
                0x00107abc        0x4 C:/devkitPro/libctru/lib\libctru.a(syscalls.o)
                0x00107abc                __syscall_lock_release_recursive
 .text.__syscall_exit
                0x00107ac0        0x4 C:/devkitPro/libctru/lib\libctru.a(syscalls.o)
                0x00107ac0                __syscall_exit
 .text.initThreadVars
                0x00107ac4       0x50 C:/devkitPro/libctru/lib\libctru.a(syscalls.o)
                0x00107ac4                initThreadVars
 .text.__system_initSyscalls
                0x00107b14       0x80 C:/devkitPro/libctru/lib\libctru.a(syscalls.o)
                0x00107b14                __system_initSyscalls
 *fill*         0x00107b94        0x4 
 .text.__system_allocateHeaps
                0x00107b98      0x1e0 C:/devkitPro/libctru/lib\libctru.a(allocateHeaps.o)
                0x00107b98                __system_allocateHeaps
 .text.__appExit
                0x00107d78       0x30 C:/devkitPro/libctru/lib\libctru.a(appExit.o)
                0x00107d78                __appExit
 .text.__libctru_exit
                0x00107da8       0x90 C:/devkitPro/libctru/lib\libctru.a(ctru_exit.o)
                0x00107da8                __libctru_exit
 .text.envGetHandle
                0x00107e38       0x84 C:/devkitPro/libctru/lib\libctru.a(env.o)
                0x00107e38                envGetHandle
 .text.envDestroyHandles
                0x00107ebc       0x50 C:/devkitPro/libctru/lib\libctru.a(env.o)
                0x00107ebc                envDestroyHandles
 .text.archive_link
                0x00107f0c       0x14 C:/devkitPro/libctru/lib\libctru.a(archive_dev.o)
 .text.archive_dirreset
                0x00107f20       0x14 C:/devkitPro/libctru/lib\libctru.a(archive_dev.o)
 .text.archive_chmod
                0x00107f34       0x14 C:/devkitPro/libctru/lib\libctru.a(archive_dev.o)
 .text.error_cmp
                0x00107f48       0x24 C:/devkitPro/libctru/lib\libctru.a(archive_dev.o)
 .text.archive_translate_error
                0x00107f6c       0x50 C:/devkitPro/libctru/lib\libctru.a(archive_dev.o)
 .text.archive_seek
                0x00107fbc       0xc8 C:/devkitPro/libctru/lib\libctru.a(archive_dev.o)
 .text._archiveInit.part.0
                0x00108084       0x7c C:/devkitPro/libctru/lib\libctru.a(archive_dev.o)
 .text.archiveFindDevice.part.0
                0x00108100       0xc4 C:/devkitPro/libctru/lib\libctru.a(archive_dev.o)
 .text.archive_utf16path
                0x001081c4      0x25c C:/devkitPro/libctru/lib\libctru.a(archive_dev.o)
 .text._archiveUnmountDeviceStruct.part.0
                0x00108420       0xa0 C:/devkitPro/libctru/lib\libctru.a(archive_dev.o)
 .text.archive_fchmod
                0x001084c0       0x14 C:/devkitPro/libctru/lib\libctru.a(archive_dev.o)
 .text.archive_statvfs
                0x001084d4       0x14 C:/devkitPro/libctru/lib\libctru.a(archive_dev.o)
 .text._archiveMountDevice
                0x001084e8      0x164 C:/devkitPro/libctru/lib\libctru.a(archive_dev.o)
 .text.archive_diropen
                0x0010864c       0xe8 C:/devkitPro/libctru/lib\libctru.a(archive_dev.o)
 .text.archive_fstat
                0x00108734       0xa4 C:/devkitPro/libctru/lib\libctru.a(archive_dev.o)
 .text.archive_close
                0x001087d8       0x6c C:/devkitPro/libctru/lib\libctru.a(archive_dev.o)
 .text.archive_fsync
                0x00108844       0x6c C:/devkitPro/libctru/lib\libctru.a(archive_dev.o)
 .text.archive_dirclose
                0x001088b0       0x70 C:/devkitPro/libctru/lib\libctru.a(archive_dev.o)
 .text.sdmc_statvfs
                0x00108920       0xe8 C:/devkitPro/libctru/lib\libctru.a(archive_dev.o)
 .text.archive_chdir
                0x00108a08       0xec C:/devkitPro/libctru/lib\libctru.a(archive_dev.o)
 .text.archive_ftruncate
                0x00108af4       0x7c C:/devkitPro/libctru/lib\libctru.a(archive_dev.o)
 .text.archive_read
                0x00108b70       0xac C:/devkitPro/libctru/lib\libctru.a(archive_dev.o)
 .text.archive_unlink
                0x00108c1c       0xa4 C:/devkitPro/libctru/lib\libctru.a(archive_dev.o)
 .text.archive_rmdir
                0x00108cc0       0xbc C:/devkitPro/libctru/lib\libctru.a(archive_dev.o)
 .text.archive_mkdir
                0x00108d7c       0xdc C:/devkitPro/libctru/lib\libctru.a(archive_dev.o)
 .text.archive_stat
                0x00108e58      0x19c C:/devkitPro/libctru/lib\libctru.a(archive_dev.o)
 .text.archive_dirnext
                0x00108ff4      0x15c C:/devkitPro/libctru/lib\libctru.a(archive_dev.o)
 .text.archive_write
                0x00109150       0xec C:/devkitPro/libctru/lib\libctru.a(archive_dev.o)
 .text.archive_open
                0x0010923c      0x1d4 C:/devkitPro/libctru/lib\libctru.a(archive_dev.o)
 .text.archive_rename
                0x00109410      0x278 C:/devkitPro/libctru/lib\libctru.a(archive_dev.o)
 .text.archiveMountSdmc
                0x00109688      0x19c C:/devkitPro/libctru/lib\libctru.a(archive_dev.o)
                0x00109688                archiveMountSdmc
 .text.archiveUnmountAll
                0x00109824       0x54 C:/devkitPro/libctru/lib\libctru.a(archive_dev.o)
                0x00109824                archiveUnmountAll
 .text.fsInit   0x00109878       0xcc C:/devkitPro/libctru/lib\libctru.a(fs.o)
                0x00109878                fsInit
 .text.fsExit   0x00109944       0x3c C:/devkitPro/libctru/lib\libctru.a(fs.o)
                0x00109944                fsExit
 .text.fsExemptFromSession
                0x00109980       0x60 C:/devkitPro/libctru/lib\libctru.a(fs.o)
                0x00109980                fsExemptFromSession
 .text.fsUnexemptFromSession
                0x001099e0       0x50 C:/devkitPro/libctru/lib\libctru.a(fs.o)
                0x001099e0                fsUnexemptFromSession
 .text.FSUSER_OpenFile
                0x00109a30       0xcc C:/devkitPro/libctru/lib\libctru.a(fs.o)
                0x00109a30                FSUSER_OpenFile
 .text.FSUSER_DeleteFile
                0x00109afc       0xbc C:/devkitPro/libctru/lib\libctru.a(fs.o)
                0x00109afc                FSUSER_DeleteFile
 .text.FSUSER_RenameFile
                0x00109bb8       0xf8 C:/devkitPro/libctru/lib\libctru.a(fs.o)
                0x00109bb8                FSUSER_RenameFile
 .text.FSUSER_DeleteDirectory
                0x00109cb0       0xbc C:/devkitPro/libctru/lib\libctru.a(fs.o)
                0x00109cb0                FSUSER_DeleteDirectory
 .text.FSUSER_CreateFile
                0x00109d6c       0xd4 C:/devkitPro/libctru/lib\libctru.a(fs.o)
                0x00109d6c                FSUSER_CreateFile
 .text.FSUSER_CreateDirectory
                0x00109e40       0xc4 C:/devkitPro/libctru/lib\libctru.a(fs.o)
                0x00109e40                FSUSER_CreateDirectory
 .text.FSUSER_RenameDirectory
                0x00109f04       0xf8 C:/devkitPro/libctru/lib\libctru.a(fs.o)
                0x00109f04                FSUSER_RenameDirectory
 .text.FSUSER_OpenDirectory
                0x00109ffc       0xb4 C:/devkitPro/libctru/lib\libctru.a(fs.o)
                0x00109ffc                FSUSER_OpenDirectory
 .text.FSUSER_OpenArchive
                0x0010a0b0       0x98 C:/devkitPro/libctru/lib\libctru.a(fs.o)
                0x0010a0b0                FSUSER_OpenArchive
 .text.FSUSER_CloseArchive
                0x0010a148       0x8c C:/devkitPro/libctru/lib\libctru.a(fs.o)
                0x0010a148                FSUSER_CloseArchive
 .text.FSUSER_GetSdmcArchiveResource
                0x0010a1d4       0x74 C:/devkitPro/libctru/lib\libctru.a(fs.o)
                0x0010a1d4                FSUSER_GetSdmcArchiveResource
 .text.FSUSER_IsSdmcWritable
                0x0010a248       0x64 C:/devkitPro/libctru/lib\libctru.a(fs.o)
                0x0010a248                FSUSER_IsSdmcWritable
 .text.FSFILE_Read
                0x0010a2ac       0x58 C:/devkitPro/libctru/lib\libctru.a(fs.o)
                0x0010a2ac                FSFILE_Read
 .text.FSFILE_Write
                0x0010a304       0x60 C:/devkitPro/libctru/lib\libctru.a(fs.o)
                0x0010a304                FSFILE_Write
 .text.FSFILE_GetSize
                0x0010a364       0x3c C:/devkitPro/libctru/lib\libctru.a(fs.o)
                0x0010a364                FSFILE_GetSize
 .text.FSFILE_SetSize
                0x0010a3a0       0x28 C:/devkitPro/libctru/lib\libctru.a(fs.o)
                0x0010a3a0                FSFILE_SetSize
 .text.FSFILE_Close
                0x0010a3c8       0x3c C:/devkitPro/libctru/lib\libctru.a(fs.o)
                0x0010a3c8                FSFILE_Close
 .text.FSFILE_Flush
                0x0010a404       0x24 C:/devkitPro/libctru/lib\libctru.a(fs.o)
                0x0010a404                FSFILE_Flush
 .text.FSDIR_Read
                0x0010a428       0x50 C:/devkitPro/libctru/lib\libctru.a(fs.o)
                0x0010a428                FSDIR_Read
 .text.FSDIR_Close
                0x0010a478       0x3c C:/devkitPro/libctru/lib\libctru.a(fs.o)
                0x0010a478                FSDIR_Close
 .text.rbtree_node_next
                0x0010a4b4       0x5c C:/devkitPro/libctru/lib\libctru.a(rbtree_iterator.o)
                0x0010a4b4                rbtree_node_next
 .text.utf8_to_utf16
                0x0010a510       0xc0 C:/devkitPro/libctru/lib\libctru.a(utf8_to_utf16.o)
                0x0010a510                utf8_to_utf16
 .text.decode_utf8
                0x0010a5d0      0x13c C:/devkitPro/libctru/lib\libctru.a(decode_utf8.o)
                0x0010a5d0                decode_utf8
 .text.utf16_to_utf8
                0x0010a70c       0xe8 C:/devkitPro/libctru/lib\libctru.a(utf16_to_utf8.o)
                0x0010a70c                utf16_to_utf8
 .text.__aeabi_read_tp
                0x0010a7f4        0xc C:/devkitPro/libctru/lib\libctru.a(readtp.o)
                0x0010a7f4                __aeabi_read_tp
 .text.encode_utf16
                0x0010a800       0x54 C:/devkitPro/libctru/lib\libctru.a(encode_utf16.o)
                0x0010a800                encode_utf16
 .text.encode_utf8
                0x0010a854       0xe0 C:/devkitPro/libctru/lib\libctru.a(encode_utf8.o)
                0x0010a854                encode_utf8
 .text.decode_utf16
                0x0010a934       0x64 C:/devkitPro/libctru/lib\libctru.a(decode_utf16.o)
                0x0010a934                decode_utf16
 .text.__udivmoddi4
                0x0010a998      0x120 c:/devkitpro/devkitarm/bin/../lib/gcc/arm-none-eabi/12.2.0/armv6k/fpu\libgcc.a(_udivmoddi4.o)
                0x0010a998                __udivmoddi4
 .text.exit     0x0010aab8       0x30 c:/devkitpro/devkitarm/bin/../lib/gcc/arm-none-eabi/12.2.0/../../../../arm-none-eabi/lib/armv6k/fpu\libg.a(libc_a-exit.o)
                0x0010aab8                exit
 .text.malloc   0x0010aae8       0x18 c:/devkitpro/devkitarm/bin/../lib/gcc/arm-none-eabi/12.2.0/../../../../arm-none-eabi/lib/armv6k/fpu\libg.a(libc_a-malloc.o)
                0x0010aae8                malloc
 .text.free     0x0010ab00       0x18 c:/devkitpro/devkitarm/bin/../lib/gcc/arm-none-eabi/12.2.0/../../../../arm-none-eabi/lib/armv6k/fpu\libg.a(libc_a-malloc.o)
                0x0010ab00                free
 .text._malloc_r
                0x0010ab18      0x7e4 c:/devkitpro/devkitarm/bin/../lib/gcc/arm-none-eabi/12.2.0/../../../../arm-none-eabi/lib/armv6k/fpu\libg.a(libc_a-mallocr.o)
                0x0010ab18                _malloc_r
 .text.__malloc_lock
                0x0010b2fc        0xc c:/devkitpro/devkitarm/bin/../lib/gcc/arm-none-eabi/12.2.0/../../../../arm-none-eabi/lib/armv6k/fpu\libg.a(libc_a-mlock.o)
                0x0010b2fc                __malloc_lock
 .text.__malloc_unlock
                0x0010b308        0xc c:/devkitpro/devkitarm/bin/../lib/gcc/arm-none-eabi/12.2.0/../../../../arm-none-eabi/lib/armv6k/fpu\libg.a(libc_a-mlock.o)
                0x0010b308                __malloc_unlock
 .text._strtoul_l.constprop.0
                0x0010b314      0x1c4 c:/devkitpro/devkitarm/bin/../lib/gcc/arm-none-eabi/12.2.0/../../../../arm-none-eabi/lib/armv6k/fpu\libg.a(libc_a-strtoul.o)
 .text._strtoul_r
                0x0010b4d8       0x30 c:/devkitpro/devkitarm/bin/../lib/gcc/arm-none-eabi/12.2.0/../../../../arm-none-eabi/lib/armv6k/fpu\libg.a(libc_a-strtoul.o)
                0x0010b4d8                _strtoul_r
 .text.strtoul  0x0010b508       0x34 c:/devkitpro/devkitarm/bin/../lib/gcc/arm-none-eabi/12.2.0/../../../../arm-none-eabi/lib/armv6k/fpu\libg.a(libc_a-strtoul.o)
                0x0010b508                strtoul
 .text.memalign
                0x0010b53c       0x20 c:/devkitpro/devkitarm/bin/../lib/gcc/arm-none-eabi/12.2.0/../../../../arm-none-eabi/lib/armv6k/fpu\libg.a(libc_a-malign.o)
                0x0010b53c                memalign
 .text._memalign_r
                0x0010b55c      0x14c c:/devkitpro/devkitarm/bin/../lib/gcc/arm-none-eabi/12.2.0/../../../../arm-none-eabi/lib/armv6k/fpu\libg.a(libc_a-malignr.o)
                0x0010b55c                _memalign_r
 .text.bsearch  0x0010b6a8       0x78 c:/devkitpro/devkitarm/bin/../lib/gcc/arm-none-eabi/12.2.0/../../../../arm-none-eabi/lib/armv6k/fpu\libg.a(libc_a-bsearch.o)
                0x0010b6a8                bsearch
 .text.__sflush_r
                0x0010b720      0x234 c:/devkitpro/devkitarm/bin/../lib/gcc/arm-none-eabi/12.2.0/../../../../arm-none-eabi/lib/armv6k/fpu\libg.a(libc_a-fflush.o)
                0x0010b720                __sflush_r
 .text._fflush_r
                0x0010b954       0x94 c:/devkitpro/devkitarm/bin/../lib/gcc/arm-none-eabi/12.2.0/../../../../arm-none-eabi/lib/armv6k/fpu\libg.a(libc_a-fflush.o)
                0x0010b954                _fflush_r
 .text.stdio_exit_handler
                0x0010b9e8       0x1c c:/devkitpro/devkitarm/bin/../lib/gcc/arm-none-eabi/12.2.0/../../../../arm-none-eabi/lib/armv6k/fpu\libg.a(libc_a-findfp.o)
 .text.cleanup_stdio
                0x0010ba04       0x5c c:/devkitpro/devkitarm/bin/../lib/gcc/arm-none-eabi/12.2.0/../../../../arm-none-eabi/lib/armv6k/fpu\libg.a(libc_a-findfp.o)
 .text.global_stdio_init.part.0
                0x0010ba60      0x154 c:/devkitpro/devkitarm/bin/../lib/gcc/arm-none-eabi/12.2.0/../../../../arm-none-eabi/lib/armv6k/fpu\libg.a(libc_a-findfp.o)
 .text.__sinit  0x0010bbb4       0x5c c:/devkitpro/devkitarm/bin/../lib/gcc/arm-none-eabi/12.2.0/../../../../arm-none-eabi/lib/armv6k/fpu\libg.a(libc_a-findfp.o)
                0x0010bbb4                __sinit
 .text.__sfp_lock_acquire
                0x0010bc10        0xc c:/devkitpro/devkitarm/bin/../lib/gcc/arm-none-eabi/12.2.0/../../../../arm-none-eabi/lib/armv6k/fpu\libg.a(libc_a-findfp.o)
                0x0010bc10                __sfp_lock_acquire
 .text.__sfp_lock_release
                0x0010bc1c        0xc c:/devkitpro/devkitarm/bin/../lib/gcc/arm-none-eabi/12.2.0/../../../../arm-none-eabi/lib/armv6k/fpu\libg.a(libc_a-findfp.o)
                0x0010bc1c                __sfp_lock_release
 .text._fwalk_sglue
                0x0010bc28       0x70 c:/devkitpro/devkitarm/bin/../lib/gcc/arm-none-eabi/12.2.0/../../../../arm-none-eabi/lib/armv6k/fpu\libg.a(libc_a-fwalk.o)
                0x0010bc28                _fwalk_sglue
 .text.printf   0x0010bc98       0x34 c:/devkitpro/devkitarm/bin/../lib/gcc/arm-none-eabi/12.2.0/../../../../arm-none-eabi/lib/armv6k/fpu\libg.a(libc_a-printf.o)
                0x0010bc98                printf
 .text.setvbuf  0x0010bccc      0x264 c:/devkitpro/devkitarm/bin/../lib/gcc/arm-none-eabi/12.2.0/../../../../arm-none-eabi/lib/armv6k/fpu\libg.a(libc_a-setvbuf.o)
                0x0010bccc                setvbuf
 .text.sscanf   0x0010bf30       0x74 c:/devkitpro/devkitarm/bin/../lib/gcc/arm-none-eabi/12.2.0/../../../../arm-none-eabi/lib/armv6k/fpu\libg.a(libc_a-sscanf.o)
                0x0010bf30                sscanf
 .text.__sread  0x0010bfa4       0x44 c:/devkitpro/devkitarm/bin/../lib/gcc/arm-none-eabi/12.2.0/../../../../arm-none-eabi/lib/armv6k/fpu\libg.a(libc_a-stdio.o)
                0x0010bfa4                __sread
 .text.__seofread
                0x0010bfe8        0x8 c:/devkitpro/devkitarm/bin/../lib/gcc/arm-none-eabi/12.2.0/../../../../arm-none-eabi/lib/armv6k/fpu\libg.a(libc_a-stdio.o)
                0x0010bfe8                __seofread
 .text.__swrite
                0x0010bff0       0x68 c:/devkitpro/devkitarm/bin/../lib/gcc/arm-none-eabi/12.2.0/../../../../arm-none-eabi/lib/armv6k/fpu\libg.a(libc_a-stdio.o)
                0x0010bff0                __swrite
 .text.__sseek  0x0010c058       0x44 c:/devkitpro/devkitarm/bin/../lib/gcc/arm-none-eabi/12.2.0/../../../../arm-none-eabi/lib/armv6k/fpu\libg.a(libc_a-stdio.o)
                0x0010c058                __sseek
 .text.__sclose
                0x0010c09c        0x8 c:/devkitpro/devkitarm/bin/../lib/gcc/arm-none-eabi/12.2.0/../../../../arm-none-eabi/lib/armv6k/fpu\libg.a(libc_a-stdio.o)
                0x0010c09c                __sclose
 .text.memset   0x0010c0a4       0xf4 c:/devkitpro/devkitarm/bin/../lib/gcc/arm-none-eabi/12.2.0/../../../../arm-none-eabi/lib/armv6k/fpu\libg.a(libc_a-memset.o)
                0x0010c0a4                memset
 .text.strlen   0x0010c198       0x90 c:/devkitpro/devkitarm/bin/../lib/gcc/arm-none-eabi/12.2.0/../../../../arm-none-eabi/lib/armv6k/fpu\libg.a(libc_a-strlen.o)
                0x0010c198                strlen
 .text.strncat  0x0010c228       0xe4 c:/devkitpro/devkitarm/bin/../lib/gcc/arm-none-eabi/12.2.0/../../../../arm-none-eabi/lib/armv6k/fpu\libg.a(libc_a-strncat.o)
                0x0010c228                strncat
 .text.strncmp  0x0010c30c       0xe4 c:/devkitpro/devkitarm/bin/../lib/gcc/arm-none-eabi/12.2.0/../../../../arm-none-eabi/lib/armv6k/fpu\libg.a(libc_a-strncmp.o)
                0x0010c30c                strncmp
 .text.strncpy  0x0010c3f0       0xc4 c:/devkitpro/devkitarm/bin/../lib/gcc/arm-none-eabi/12.2.0/../../../../arm-none-eabi/lib/armv6k/fpu\libg.a(libc_a-strncpy.o)
                0x0010c3f0                strncpy
 .text.strnlen  0x0010c4b4       0x48 c:/devkitpro/devkitarm/bin/../lib/gcc/arm-none-eabi/12.2.0/../../../../arm-none-eabi/lib/armv6k/fpu\libg.a(libc_a-strnlen.o)
                0x0010c4b4                strnlen
 .text.__errno  0x0010c4fc        0xc c:/devkitpro/devkitarm/bin/../lib/gcc/arm-none-eabi/12.2.0/../../../../arm-none-eabi/lib/armv6k/fpu\libg.a(libc_a-errno.o)
                0x0010c4fc                __errno
 .text.__libc_init_array
                0x0010c508       0x84 c:/devkitpro/devkitarm/bin/../lib/gcc/arm-none-eabi/12.2.0/../../../../arm-none-eabi/lib/armv6k/fpu\libg.a(libc_a-init.o)
                0x0010c508                __libc_init_array
 .text.__libc_fini_array
                0x0010c58c       0x3c c:/devkitpro/devkitarm/bin/../lib/gcc/arm-none-eabi/12.2.0/../../../../arm-none-eabi/lib/armv6k/fpu\libg.a(libc_a-fini.o)
                0x0010c58c                __libc_fini_array
 .text.memchr   0x0010c5c8       0xe4 c:/devkitpro/devkitarm/bin/../lib/gcc/arm-none-eabi/12.2.0/../../../../arm-none-eabi/lib/armv6k/fpu\libg.a(libc_a-memchr-stub.o)
                0x0010c5c8                memchr
 .text.memcpy   0x0010c6ac      0x118 c:/devkitpro/devkitarm/bin/../lib/gcc/arm-none-eabi/12.2.0/../../../../arm-none-eabi/lib/armv6k/fpu\libg.a(libc_a-memcpy-stub.o)
                0x0010c6ac                memcpy
 .text.__call_exitprocs
                0x0010c7c4      0x110 c:/devkitpro/devkitarm/bin/../lib/gcc/arm-none-eabi/12.2.0/../../../../arm-none-eabi/lib/armv6k/fpu\libg.a(libc_a-__call_atexit.o)
                0x0010c7c4                __call_exitprocs
 .text._malloc_trim_r
                0x0010c8d4       0xf8 c:/devkitpro/devkitarm/bin/../lib/gcc/arm-none-eabi/12.2.0/../../../../arm-none-eabi/lib/armv6k/fpu\libg.a(libc_a-freer.o)
                0x0010c8d4                _malloc_trim_r
 .text._free_r  0x0010c9cc      0x2e8 c:/devkitpro/devkitarm/bin/../lib/gcc/arm-none-eabi/12.2.0/../../../../arm-none-eabi/lib/armv6k/fpu\libg.a(libc_a-freer.o)
                0x0010c9cc                _free_r
 .text.get_arg  0x0010ccb4       0x50 c:/devkitpro/devkitarm/bin/../lib/gcc/arm-none-eabi/12.2.0/../../../../arm-none-eabi/lib/armv6k/fpu\libg.a(libc_a-svfscanf.o)
 .text.__ssvfscanf_r
                0x0010cd04     0x2c44 c:/devkitpro/devkitarm/bin/../lib/gcc/arm-none-eabi/12.2.0/../../../../arm-none-eabi/lib/armv6k/fpu\libg.a(libc_a-svfscanf.o)
                0x0010cd04                __ssvfscanf_r
 .text.get_arg  0x0010f948      0x67c c:/devkitpro/devkitarm/bin/../lib/gcc/arm-none-eabi/12.2.0/../../../../arm-none-eabi/lib/armv6k/fpu\libg.a(libc_a-vfprintf.o)
 *fill*         0x0010ffc4        0x4 
 .text._vfprintf_r
                0x0010ffc8     0x33b8 c:/devkitpro/devkitarm/bin/../lib/gcc/arm-none-eabi/12.2.0/../../../../arm-none-eabi/lib/armv6k/fpu\libg.a(libc_a-vfprintf.o)
                0x0010ffc8                _vfprintf_r
 .text.__sbprintf
                0x00113380       0xb8 c:/devkitpro/devkitarm/bin/../lib/gcc/arm-none-eabi/12.2.0/../../../../arm-none-eabi/lib/armv6k/fpu\libg.a(libc_a-vfprintf.o)
 .text.get_arg  0x00113438      0x67c c:/devkitpro/devkitarm/bin/../lib/gcc/arm-none-eabi/12.2.0/../../../../arm-none-eabi/lib/armv6k/fpu\libg.a(libc_a-vfiprintf.o)
 .text.__sprint_r
                0x00113ab4       0x30 c:/devkitpro/devkitarm/bin/../lib/gcc/arm-none-eabi/12.2.0/../../../../arm-none-eabi/lib/armv6k/fpu\libg.a(libc_a-vfiprintf.o)
                0x00113ab4                __sprint_r
 .text._vfiprintf_r
                0x00113ae4     0x230c c:/devkitpro/devkitarm/bin/../lib/gcc/arm-none-eabi/12.2.0/../../../../arm-none-eabi/lib/armv6k/fpu\libg.a(libc_a-vfiprintf.o)
                0x00113ae4                _vfiprintf_r
 .text.__sbprintf
                0x00115df0       0xb8 c:/devkitpro/devkitarm/bin/../lib/gcc/arm-none-eabi/12.2.0/../../../../arm-none-eabi/lib/armv6k/fpu\libg.a(libc_a-vfiprintf.o)
 .text._fclose_r
                0x00115ea8      0x148 c:/devkitpro/devkitarm/bin/../lib/gcc/arm-none-eabi/12.2.0/../../../../arm-none-eabi/lib/armv6k/fpu\libg.a(libc_a-fclose.o)
                0x00115ea8                _fclose_r
 .text.__sfvwrite_r
                0x00115ff0      0x4b4 c:/devkitpro/devkitarm/bin/../lib/gcc/arm-none-eabi/12.2.0/../../../../arm-none-eabi/lib/armv6k/fpu\libg.a(libc_a-fvwrite.o)
                0x00115ff0                __sfvwrite_r
 .text.__smakebuf_r
                0x001164a4      0x130 c:/devkitpro/devkitarm/bin/../lib/gcc/arm-none-eabi/12.2.0/../../../../arm-none-eabi/lib/armv6k/fpu\libg.a(libc_a-makebuf.o)
                0x001164a4                __smakebuf_r
 .text.__swhatbuf_r
                0x001165d4       0x8c c:/devkitpro/devkitarm/bin/../lib/gcc/arm-none-eabi/12.2.0/../../../../arm-none-eabi/lib/armv6k/fpu\libg.a(libc_a-makebuf.o)
                0x001165d4                __swhatbuf_r
 .text.__sccl   0x00116660       0xf4 c:/devkitpro/devkitarm/bin/../lib/gcc/arm-none-eabi/12.2.0/../../../../arm-none-eabi/lib/armv6k/fpu\libg.a(libc_a-sccl.o)
                0x00116660                __sccl
 .text.sprintf  0x00116754       0x64 c:/devkitpro/devkitarm/bin/../lib/gcc/arm-none-eabi/12.2.0/../../../../arm-none-eabi/lib/armv6k/fpu\libg.a(libc_a-sprintf.o)
                0x00116754                sprintf
 .text.__swsetup_r
                0x001167b8      0x134 c:/devkitpro/devkitarm/bin/../lib/gcc/arm-none-eabi/12.2.0/../../../../arm-none-eabi/lib/armv6k/fpu\libg.a(libc_a-wsetup.o)
                0x001167b8                __swsetup_r
 .text.memmove  0x001168ec      0x150 c:/devkitpro/devkitarm/bin/../lib/gcc/arm-none-eabi/12.2.0/../../../../arm-none-eabi/lib/armv6k/fpu\libg.a(libc_a-memmove.o)
                0x001168ec                memmove
 .text.stpncpy  0x00116a3c       0xcc c:/devkitpro/devkitarm/bin/../lib/gcc/arm-none-eabi/12.2.0/../../../../arm-none-eabi/lib/armv6k/fpu\libg.a(libc_a-stpncpy.o)
                0x00116a3c                stpncpy
 .text.__locale_mb_cur_max
                0x00116b08       0x24 c:/devkitpro/devkitarm/bin/../lib/gcc/arm-none-eabi/12.2.0/../../../../arm-none-eabi/lib/armv6k/fpu\libg.a(libc_a-locale.o)
                0x00116b08                __locale_mb_cur_max
 .text._localeconv_r
                0x00116b2c       0x24 c:/devkitpro/devkitarm/bin/../lib/gcc/arm-none-eabi/12.2.0/../../../../arm-none-eabi/lib/armv6k/fpu\libg.a(libc_a-localeconv.o)
                0x00116b2c                _localeconv_r
 .text.nanf     0x00116b50        0xc c:/devkitpro/devkitarm/bin/../lib/gcc/arm-none-eabi/12.2.0/../../../../arm-none-eabi/lib/armv6k/fpu\libg.a(libm_a-sf_nan.o)
                0x00116b50                nanf
 *fill*         0x00116b5c        0x4 
 .text.frexp    0x00116b60       0x88 c:/devkitpro/devkitarm/bin/../lib/gcc/arm-none-eabi/12.2.0/../../../../arm-none-eabi/lib/armv6k/fpu\libg.a(libm_a-s_frexp.o)
                0x00116b60                frexp
 .text.quorem   0x00116be8      0x1b0 c:/devkitpro/devkitarm/bin/../lib/gcc/arm-none-eabi/12.2.0/../../../../arm-none-eabi/lib/armv6k/fpu\libg.a(libc_a-dtoa.o)
 .text._dtoa_r  0x00116d98     0x11f8 c:/devkitpro/devkitarm/bin/../lib/gcc/arm-none-eabi/12.2.0/../../../../arm-none-eabi/lib/armv6k/fpu\libg.a(libc_a-dtoa.o)
                0x00116d98                _dtoa_r
 .text.__utf8_mbtowc
                0x00117f90      0x2f8 c:/devkitpro/devkitarm/bin/../lib/gcc/arm-none-eabi/12.2.0/../../../../arm-none-eabi/lib/armv6k/fpu\libg.a(libc_a-mbtowc_r.o)
                0x00117f90                __utf8_mbtowc
 .text._Balloc  0x00118288       0x88 c:/devkitpro/devkitarm/bin/../lib/gcc/arm-none-eabi/12.2.0/../../../../arm-none-eabi/lib/armv6k/fpu\libg.a(libc_a-mprec.o)
                0x00118288                _Balloc
 .text._Bfree   0x00118310       0x1c c:/devkitpro/devkitarm/bin/../lib/gcc/arm-none-eabi/12.2.0/../../../../arm-none-eabi/lib/armv6k/fpu\libg.a(libc_a-mprec.o)
                0x00118310                _Bfree
 .text.__multadd
                0x0011832c       0xf4 c:/devkitpro/devkitarm/bin/../lib/gcc/arm-none-eabi/12.2.0/../../../../arm-none-eabi/lib/armv6k/fpu\libg.a(libc_a-mprec.o)
                0x0011832c                __multadd
 .text.__s2b    0x00118420      0x110 c:/devkitpro/devkitarm/bin/../lib/gcc/arm-none-eabi/12.2.0/../../../../arm-none-eabi/lib/armv6k/fpu\libg.a(libc_a-mprec.o)
                0x00118420                __s2b
 .text.__hi0bits
                0x00118530       0x60 c:/devkitpro/devkitarm/bin/../lib/gcc/arm-none-eabi/12.2.0/../../../../arm-none-eabi/lib/armv6k/fpu\libg.a(libc_a-mprec.o)
                0x00118530                __hi0bits
 .text.__lo0bits
                0x00118590       0x9c c:/devkitpro/devkitarm/bin/../lib/gcc/arm-none-eabi/12.2.0/../../../../arm-none-eabi/lib/armv6k/fpu\libg.a(libc_a-mprec.o)
                0x00118590                __lo0bits
 .text.__i2b    0x0011862c       0xac c:/devkitpro/devkitarm/bin/../lib/gcc/arm-none-eabi/12.2.0/../../../../arm-none-eabi/lib/armv6k/fpu\libg.a(libc_a-mprec.o)
                0x0011862c                __i2b
 .text.__multiply
                0x001186d8      0x204 c:/devkitpro/devkitarm/bin/../lib/gcc/arm-none-eabi/12.2.0/../../../../arm-none-eabi/lib/armv6k/fpu\libg.a(libc_a-mprec.o)
                0x001186d8                __multiply
 .text.__pow5mult
                0x001188dc      0x128 c:/devkitpro/devkitarm/bin/../lib/gcc/arm-none-eabi/12.2.0/../../../../arm-none-eabi/lib/armv6k/fpu\libg.a(libc_a-mprec.o)
                0x001188dc                __pow5mult
 .text.__lshift
                0x00118a04      0x140 c:/devkitpro/devkitarm/bin/../lib/gcc/arm-none-eabi/12.2.0/../../../../arm-none-eabi/lib/armv6k/fpu\libg.a(libc_a-mprec.o)
                0x00118a04                __lshift
 .text.__mcmp   0x00118b44       0x58 c:/devkitpro/devkitarm/bin/../lib/gcc/arm-none-eabi/12.2.0/../../../../arm-none-eabi/lib/armv6k/fpu\libg.a(libc_a-mprec.o)
                0x00118b44                __mcmp
 .text.__mdiff  0x00118b9c      0x1f0 c:/devkitpro/devkitarm/bin/../lib/gcc/arm-none-eabi/12.2.0/../../../../arm-none-eabi/lib/armv6k/fpu\libg.a(libc_a-mprec.o)
                0x00118b9c                __mdiff
 .text.__ulp    0x00118d8c       0x68 c:/devkitpro/devkitarm/bin/../lib/gcc/arm-none-eabi/12.2.0/../../../../arm-none-eabi/lib/armv6k/fpu\libg.a(libc_a-mprec.o)
                0x00118d8c                __ulp
 .text.__b2d    0x00118df4       0xd0 c:/devkitpro/devkitarm/bin/../lib/gcc/arm-none-eabi/12.2.0/../../../../arm-none-eabi/lib/armv6k/fpu\libg.a(libc_a-mprec.o)
                0x00118df4                __b2d
 .text.__d2b    0x00118ec4      0x120 c:/devkitpro/devkitarm/bin/../lib/gcc/arm-none-eabi/12.2.0/../../../../arm-none-eabi/lib/armv6k/fpu\libg.a(libc_a-mprec.o)
                0x00118ec4                __d2b
 .text.__ratio  0x00118fe4       0x78 c:/devkitpro/devkitarm/bin/../lib/gcc/arm-none-eabi/12.2.0/../../../../arm-none-eabi/lib/armv6k/fpu\libg.a(libc_a-mprec.o)
                0x00118fe4                __ratio
 .text.__copybits
                0x0011905c       0x88 c:/devkitpro/devkitarm/bin/../lib/gcc/arm-none-eabi/12.2.0/../../../../arm-none-eabi/lib/armv6k/fpu\libg.a(libc_a-mprec.o)
                0x0011905c                __copybits
 .text.__any_on
                0x001190e4       0x5c c:/devkitpro/devkitarm/bin/../lib/gcc/arm-none-eabi/12.2.0/../../../../arm-none-eabi/lib/armv6k/fpu\libg.a(libc_a-mprec.o)
                0x001190e4                __any_on
 .text.realloc  0x00119140       0x20 c:/devkitpro/devkitarm/bin/../lib/gcc/arm-none-eabi/12.2.0/../../../../arm-none-eabi/lib/armv6k/fpu\libg.a(libc_a-realloc.o)
                0x00119140                realloc
 .text._realloc_r
                0x00119160      0x4a0 c:/devkitpro/devkitarm/bin/../lib/gcc/arm-none-eabi/12.2.0/../../../../arm-none-eabi/lib/armv6k/fpu\libg.a(libc_a-reallocr.o)
                0x00119160                _realloc_r
 .text.sulp     0x00119600       0x64 c:/devkitpro/devkitarm/bin/../lib/gcc/arm-none-eabi/12.2.0/../../../../arm-none-eabi/lib/armv6k/fpu\libg.a(libc_a-strtod.o)
 *fill*         0x00119664        0x4 
 .text._strtod_l
                0x00119668     0x13a8 c:/devkitpro/devkitarm/bin/../lib/gcc/arm-none-eabi/12.2.0/../../../../arm-none-eabi/lib/armv6k/fpu\libg.a(libc_a-strtod.o)
                0x00119668                _strtod_l
 .text._strtod_r
                0x0011aa10       0x40 c:/devkitpro/devkitarm/bin/../lib/gcc/arm-none-eabi/12.2.0/../../../../arm-none-eabi/lib/armv6k/fpu\libg.a(libc_a-strtod.o)
                0x0011aa10                _strtod_r
 .text._strtol_l.part.0
                0x0011aa50      0x1a4 c:/devkitpro/devkitarm/bin/../lib/gcc/arm-none-eabi/12.2.0/../../../../arm-none-eabi/lib/armv6k/fpu\libg.a(libc_a-strtol.o)
 .text._strtol_r
                0x0011abf4       0x60 c:/devkitpro/devkitarm/bin/../lib/gcc/arm-none-eabi/12.2.0/../../../../arm-none-eabi/lib/armv6k/fpu\libg.a(libc_a-strtol.o)
                0x0011abf4                _strtol_r
 .text.__utf8_wctomb
                0x0011ac54       0xf0 c:/devkitpro/devkitarm/bin/../lib/gcc/arm-none-eabi/12.2.0/../../../../arm-none-eabi/lib/armv6k/fpu\libg.a(libc_a-wctomb_r.o)
                0x0011ac54                __utf8_wctomb
 .text._strtoll_l.constprop.0
                0x0011ad44      0x22c c:/devkitpro/devkitarm/bin/../lib/gcc/arm-none-eabi/12.2.0/../../../../arm-none-eabi/lib/armv6k/fpu\libg.a(libc_a-strtoll.o)
 .text._strtoll_r
                0x0011af70       0x30 c:/devkitpro/devkitarm/bin/../lib/gcc/arm-none-eabi/12.2.0/../../../../arm-none-eabi/lib/armv6k/fpu\libg.a(libc_a-strtoll.o)
                0x0011af70                _strtoll_r
 .text._strtoull_l.constprop.0
                0x0011afa0      0x244 c:/devkitpro/devkitarm/bin/../lib/gcc/arm-none-eabi/12.2.0/../../../../arm-none-eabi/lib/armv6k/fpu\libg.a(libc_a-strtoull.o)
 .text._strtoull_r
                0x0011b1e4       0x30 c:/devkitpro/devkitarm/bin/../lib/gcc/arm-none-eabi/12.2.0/../../../../arm-none-eabi/lib/armv6k/fpu\libg.a(libc_a-strtoull.o)
                0x0011b1e4                _strtoull_r
 .text._mbrtowc_r
                0x0011b214       0xbc c:/devkitpro/devkitarm/bin/../lib/gcc/arm-none-eabi/12.2.0/../../../../arm-none-eabi/lib/armv6k/fpu\libg.a(libc_a-mbrtowc.o)
                0x0011b214                _mbrtowc_r
 .text._wcrtomb_r
                0x0011b2d0       0x94 c:/devkitpro/devkitarm/bin/../lib/gcc/arm-none-eabi/12.2.0/../../../../arm-none-eabi/lib/armv6k/fpu\libg.a(libc_a-wcrtomb.o)
                0x0011b2d0                _wcrtomb_r
 .text._wcsrtombs_r
                0x0011b364       0x28 c:/devkitpro/devkitarm/bin/../lib/gcc/arm-none-eabi/12.2.0/../../../../arm-none-eabi/lib/armv6k/fpu\libg.a(libc_a-wcsrtombs.o)
                0x0011b364                _wcsrtombs_r
 .text.iswspace
                0x0011b38c        0x8 c:/devkitpro/devkitarm/bin/../lib/gcc/arm-none-eabi/12.2.0/../../../../arm-none-eabi/lib/armv6k/fpu\libg.a(libc_a-iswspace.o)
                0x0011b38c                iswspace
 .text.iswspace_l
                0x0011b394       0x38 c:/devkitpro/devkitarm/bin/../lib/gcc/arm-none-eabi/12.2.0/../../../../arm-none-eabi/lib/armv6k/fpu\libg.a(libc_a-iswspace_l.o)
                0x0011b394                iswspace_l
 .text.__ssprint_r
                0x0011b3cc      0x188 c:/devkitpro/devkitarm/bin/../lib/gcc/arm-none-eabi/12.2.0/../../../../arm-none-eabi/lib/armv6k/fpu\libg.a(libc_a-svfiprintf.o)
                0x0011b3cc                __ssprint_r
 .text._sungetc_r
                0x0011b554       0xd4 c:/devkitpro/devkitarm/bin/../lib/gcc/arm-none-eabi/12.2.0/../../../../arm-none-eabi/lib/armv6k/fpu\libg.a(libc_a-svfiscanf.o)
                0x0011b554                _sungetc_r
 .text.__ssrefill_r
                0x0011b628       0x6c c:/devkitpro/devkitarm/bin/../lib/gcc/arm-none-eabi/12.2.0/../../../../arm-none-eabi/lib/armv6k/fpu\libg.a(libc_a-svfiscanf.o)
                0x0011b628                __ssrefill_r
 .text._sfread_r
                0x0011b694       0xc4 c:/devkitpro/devkitarm/bin/../lib/gcc/arm-none-eabi/12.2.0/../../../../arm-none-eabi/lib/armv6k/fpu\libg.a(libc_a-svfiscanf.o)
                0x0011b694                _sfread_r
 .text.get_arg  0x0011b758      0x67c c:/devkitpro/devkitarm/bin/../lib/gcc/arm-none-eabi/12.2.0/../../../../arm-none-eabi/lib/armv6k/fpu\libg.a(libc_a-svfprintf.o)
 *fill*         0x0011bdd4        0x4 
 .text._svfprintf_r
                0x0011bdd8     0x3344 c:/devkitpro/devkitarm/bin/../lib/gcc/arm-none-eabi/12.2.0/../../../../arm-none-eabi/lib/armv6k/fpu\libg.a(libc_a-svfprintf.o)
                0x0011bdd8                _svfprintf_r
 .text.__submore
                0x0011f11c       0xa8 c:/devkitpro/devkitarm/bin/../lib/gcc/arm-none-eabi/12.2.0/../../../../arm-none-eabi/lib/armv6k/fpu\libg.a(libc_a-ungetc.o)
                0x0011f11c                __submore
 .text.strchr   0x0011f1c4      0x130 c:/devkitpro/devkitarm/bin/../lib/gcc/arm-none-eabi/12.2.0/../../../../arm-none-eabi/lib/armv6k/fpu\libg.a(libc_a-strchr.o)
                0x0011f1c4                strchr
 *fill*         0x0011f2f4        0x4 
 .text.nan      0x0011f2f8       0x10 c:/devkitpro/devkitarm/bin/../lib/gcc/arm-none-eabi/12.2.0/../../../../arm-none-eabi/lib/armv6k/fpu\libg.a(libm_a-s_nan.o)
                0x0011f2f8                nan
 .text.__assert_func
                0x0011f308       0x5c c:/devkitpro/devkitarm/bin/../lib/gcc/arm-none-eabi/12.2.0/../../../../arm-none-eabi/lib/armv6k/fpu\libg.a(libc_a-assert.o)
                0x0011f308                __assert_func
 .text._calloc_r
                0x0011f364       0xc0 c:/devkitpro/devkitarm/bin/../lib/gcc/arm-none-eabi/12.2.0/../../../../arm-none-eabi/lib/armv6k/fpu\libg.a(libc_a-callocr.o)
                0x0011f364                _calloc_r
 .text.rshift   0x0011f424       0xf0 c:/devkitpro/devkitarm/bin/../lib/gcc/arm-none-eabi/12.2.0/../../../../arm-none-eabi/lib/armv6k/fpu\libg.a(libc_a-gdtoa-gethex.o)
 .text.__gethex
                0x0011f514      0x814 c:/devkitpro/devkitarm/bin/../lib/gcc/arm-none-eabi/12.2.0/../../../../arm-none-eabi/lib/armv6k/fpu\libg.a(libc_a-gdtoa-gethex.o)
                0x0011f514                __gethex
 .text.__match  0x0011fd28       0x4c c:/devkitpro/devkitarm/bin/../lib/gcc/arm-none-eabi/12.2.0/../../../../arm-none-eabi/lib/armv6k/fpu\libg.a(libc_a-gdtoa-hexnan.o)
                0x0011fd28                __match
 .text.__hexnan
                0x0011fd74      0x29c c:/devkitpro/devkitarm/bin/../lib/gcc/arm-none-eabi/12.2.0/../../../../arm-none-eabi/lib/armv6k/fpu\libg.a(libc_a-gdtoa-hexnan.o)
                0x0011fd74                __hexnan
 .text._wcsnrtombs_l
                0x00120010      0x188 c:/devkitpro/devkitarm/bin/../lib/gcc/arm-none-eabi/12.2.0/../../../../arm-none-eabi/lib/armv6k/fpu\libg.a(libc_a-wcsnrtombs.o)
                0x00120010                _wcsnrtombs_l
 .text._wcsnrtombs_r
                0x00120198       0x68 c:/devkitpro/devkitarm/bin/../lib/gcc/arm-none-eabi/12.2.0/../../../../arm-none-eabi/lib/armv6k/fpu\libg.a(libc_a-wcsnrtombs.o)
                0x00120198                _wcsnrtombs_r
 .text.category
                0x00120200       0x8c c:/devkitpro/devkitarm/bin/../lib/gcc/arm-none-eabi/12.2.0/../../../../arm-none-eabi/lib/armv6k/fpu\libg.a(libc_a-categories.o)
                0x00120200                category
 .text.fiprintf
                0x0012028c       0x3c c:/devkitpro/devkitarm/bin/../lib/gcc/arm-none-eabi/12.2.0/../../../../arm-none-eabi/lib/armv6k/fpu\libg.a(libc_a-fiprintf.o)
                0x0012028c                fiprintf
 .text.abort    0x001202c8       0x14 c:/devkitpro/devkitarm/bin/../lib/gcc/arm-none-eabi/12.2.0/../../../../arm-none-eabi/lib/armv6k/fpu\libg.a(libc_a-abort.o)
                0x001202c8                abort
 .text._raise_r
                0x001202dc       0x90 c:/devkitpro/devkitarm/bin/../lib/gcc/arm-none-eabi/12.2.0/../../../../arm-none-eabi/lib/armv6k/fpu\libg.a(libc_a-signal.o)
                0x001202dc                _raise_r
 .text.raise    0x0012036c       0x18 c:/devkitpro/devkitarm/bin/../lib/gcc/arm-none-eabi/12.2.0/../../../../arm-none-eabi/lib/armv6k/fpu\libg.a(libc_a-signal.o)
                0x0012036c                raise
 .text._exit    0x00120384       0x20 c:/devkitpro/devkitarm/bin/../lib/gcc/arm-none-eabi/12.2.0/../../../../arm-none-eabi/lib/armv6k/fpu\libsysbase.a(libsysbase_libsysbase_a-_exit.o)
                0x00120384                _exit
 .text._concatenate_path
                0x001203a4      0x1c0 c:/devkitpro/devkitarm/bin/../lib/gcc/arm-none-eabi/12.2.0/../../../../arm-none-eabi/lib/armv6k/fpu\libsysbase.a(libsysbase_libsysbase_a-chdir.o)
                0x001203a4                _concatenate_path
 .text.chdir    0x00120564      0x140 c:/devkitpro/devkitarm/bin/../lib/gcc/arm-none-eabi/12.2.0/../../../../arm-none-eabi/lib/armv6k/fpu\libsysbase.a(libsysbase_libsysbase_a-chdir.o)
                0x00120564                chdir
 .text._fstat_r
                0x001206a4       0x78 c:/devkitpro/devkitarm/bin/../lib/gcc/arm-none-eabi/12.2.0/../../../../arm-none-eabi/lib/armv6k/fpu\libsysbase.a(libsysbase_libsysbase_a-fstat.o)
                0x001206a4                _fstat_r
 .text._getpid_r
                0x0012071c       0x14 c:/devkitpro/devkitarm/bin/../lib/gcc/arm-none-eabi/12.2.0/../../../../arm-none-eabi/lib/armv6k/fpu\libsysbase.a(libsysbase_libsysbase_a-getpid.o)
                0x0012071c                _getpid_r
 .text.__getreent
                0x00120730       0x2c c:/devkitpro/devkitarm/bin/../lib/gcc/arm-none-eabi/12.2.0/../../../../arm-none-eabi/lib/armv6k/fpu\libsysbase.a(libsysbase_libsysbase_a-getreent.o)
                0x00120730                __getreent
 .text.__get_handle
                0x0012075c       0x3c c:/devkitpro/devkitarm/bin/../lib/gcc/arm-none-eabi/12.2.0/../../../../arm-none-eabi/lib/armv6k/fpu\libsysbase.a(libsysbase_libsysbase_a-handle_manager.o)
                0x0012075c                __get_handle
 .text._close_r
                0x00120798       0xf4 c:/devkitpro/devkitarm/bin/../lib/gcc/arm-none-eabi/12.2.0/../../../../arm-none-eabi/lib/armv6k/fpu\libsysbase.a(libsysbase_libsysbase_a-handle_manager.o)
                0x00120798                _close_r
 .text.null_write
                0x0012088c        0x8 c:/devkitpro/devkitarm/bin/../lib/gcc/arm-none-eabi/12.2.0/../../../../arm-none-eabi/lib/armv6k/fpu\libsysbase.a(libsysbase_libsysbase_a-iosupport.o)
 .text.setDefaultDevice
                0x00120894       0x18 c:/devkitpro/devkitarm/bin/../lib/gcc/arm-none-eabi/12.2.0/../../../../arm-none-eabi/lib/armv6k/fpu\libsysbase.a(libsysbase_libsysbase_a-iosupport.o)
                0x00120894                setDefaultDevice
 .text.FindDevice
                0x001208ac       0xc8 c:/devkitpro/devkitarm/bin/../lib/gcc/arm-none-eabi/12.2.0/../../../../arm-none-eabi/lib/armv6k/fpu\libsysbase.a(libsysbase_libsysbase_a-iosupport.o)
                0x001208ac                FindDevice
 .text.RemoveDevice
                0x00120974       0x28 c:/devkitpro/devkitarm/bin/../lib/gcc/arm-none-eabi/12.2.0/../../../../arm-none-eabi/lib/armv6k/fpu\libsysbase.a(libsysbase_libsysbase_a-iosupport.o)
                0x00120974                RemoveDevice
 .text.AddDevice
                0x0012099c       0x9c c:/devkitpro/devkitarm/bin/../lib/gcc/arm-none-eabi/12.2.0/../../../../arm-none-eabi/lib/armv6k/fpu\libsysbase.a(libsysbase_libsysbase_a-iosupport.o)
                0x0012099c                AddDevice
 .text.GetDeviceOpTab
                0x00120a38       0x20 c:/devkitpro/devkitarm/bin/../lib/gcc/arm-none-eabi/12.2.0/../../../../arm-none-eabi/lib/armv6k/fpu\libsysbase.a(libsysbase_libsysbase_a-iosupport.o)
                0x00120a38                GetDeviceOpTab
 .text._isatty_r
                0x00120a58        0x8 c:/devkitpro/devkitarm/bin/../lib/gcc/arm-none-eabi/12.2.0/../../../../arm-none-eabi/lib/armv6k/fpu\libsysbase.a(libsysbase_libsysbase_a-isatty.o)
                0x00120a58                _isatty_r
 .text._kill_r  0x00120a60       0x14 c:/devkitpro/devkitarm/bin/../lib/gcc/arm-none-eabi/12.2.0/../../../../arm-none-eabi/lib/armv6k/fpu\libsysbase.a(libsysbase_libsysbase_a-kill.o)
                0x00120a60                _kill_r
 .text._lseek_r
                0x00120a74       0x84 c:/devkitpro/devkitarm/bin/../lib/gcc/arm-none-eabi/12.2.0/../../../../arm-none-eabi/lib/armv6k/fpu\libsysbase.a(libsysbase_libsysbase_a-lseek.o)
                0x00120a74                _lseek_r
 .text._read_r  0x00120af8       0x80 c:/devkitpro/devkitarm/bin/../lib/gcc/arm-none-eabi/12.2.0/../../../../arm-none-eabi/lib/armv6k/fpu\libsysbase.a(libsysbase_libsysbase_a-read.o)
                0x00120af8                _read_r
 .text._sbrk_r  0x00120b78       0x78 c:/devkitpro/devkitarm/bin/../lib/gcc/arm-none-eabi/12.2.0/../../../../arm-none-eabi/lib/armv6k/fpu\libsysbase.a(libsysbase_libsysbase_a-sbrk.o)
                0x00120b78                _sbrk_r
 .text.__libc_lock_acquire
                0x00120bf0       0x1c c:/devkitpro/devkitarm/bin/../lib/gcc/arm-none-eabi/12.2.0/../../../../arm-none-eabi/lib/armv6k/fpu\libsysbase.a(libsysbase_libsysbase_a-syscall_support.o)
                0x00120bf0                __libc_lock_acquire
 .text.__libc_lock_release
                0x00120c0c       0x1c c:/devkitpro/devkitarm/bin/../lib/gcc/arm-none-eabi/12.2.0/../../../../arm-none-eabi/lib/armv6k/fpu\libsysbase.a(libsysbase_libsysbase_a-syscall_support.o)
                0x00120c0c                __libc_lock_release
 .text.__libc_lock_acquire_recursive
                0x00120c28       0x1c c:/devkitpro/devkitarm/bin/../lib/gcc/arm-none-eabi/12.2.0/../../../../arm-none-eabi/lib/armv6k/fpu\libsysbase.a(libsysbase_libsysbase_a-syscall_support.o)
                0x00120c28                __libc_lock_acquire_recursive
 .text.__libc_lock_release_recursive
                0x00120c44       0x1c c:/devkitpro/devkitarm/bin/../lib/gcc/arm-none-eabi/12.2.0/../../../../arm-none-eabi/lib/armv6k/fpu\libsysbase.a(libsysbase_libsysbase_a-syscall_support.o)
                0x00120c44                __libc_lock_release_recursive
 .text._write_r
                0x00120c60       0x80 c:/devkitpro/devkitarm/bin/../lib/gcc/arm-none-eabi/12.2.0/../../../../arm-none-eabi/lib/armv6k/fpu\libsysbase.a(libsysbase_libsysbase_a-write.o)
                0x00120c60                _write_r
 .text.__fixdfdi
                0x00120ce0       0x38 c:/devkitpro/devkitarm/bin/../lib/gcc/arm-none-eabi/12.2.0/armv6k/fpu\libgcc.a(_fixdfdi.o)
                0x00120ce0                __fixdfdi
                0x00120ce0                __aeabi_d2lz
 .text.__fixunsdfdi
                0x00120d18       0x40 c:/devkitpro/devkitarm/bin/../lib/gcc/arm-none-eabi/12.2.0/armv6k/fpu\libgcc.a(_fixunsdfdi.o)
                0x00120d18                __fixunsdfdi
                0x00120d18                __aeabi_d2ulz
 .text.strrchr  0x00120d58       0x48 c:/devkitpro/devkitarm/bin/../lib/gcc/arm-none-eabi/12.2.0/../../../../arm-none-eabi/lib/armv6k/fpu\libg.a(libc_a-strrchr.o)
                0x00120d58                strrchr
 *(.glue_7)
 .glue_7        0x00120da0        0x0 linker stubs
 *(.glue_7t)
 .glue_7t       0x00120da0        0x0 linker stubs
 *(.stub)
 *(.gnu.warning)
 *(.gnu.linkonce.t*)
                0x00120da0                        . = ALIGN (0x4)
 *(.fini)
 .fini          0x00120da0        0xc c:/devkitpro/devkitarm/bin/../lib/gcc/arm-none-eabi/12.2.0/armv6k/fpu/crti.o
                0x00120da0                _fini
 .fini          0x00120dac        0xc c:/devkitpro/devkitarm/bin/../lib/gcc/arm-none-eabi/12.2.0/armv6k/fpu/crtn.o
                0x00120db8                        . = ALIGN (0x4)

.vfp11_veneer   0x00120db8        0x0
 .vfp11_veneer  0x00120db8        0x0 linker stubs

.v4_bx          0x00120db8        0x0
 .v4_bx         0x00120db8        0x0 linker stubs

.iplt           0x00120db8        0x0
 .iplt          0x00120db8        0x0 c:/devkitpro/devkitarm/bin/../lib/gcc/arm-none-eabi/12.2.0/../../../../arm-none-eabi/lib/armv6k/fpu/3dsx_crt0.o
                0x00121000                        . = ALIGN (0x1000)

.rodata         0x00121000     0x4818
 *(.rodata)
 .rodata        0x00121000        0x3 C:/devkitPro/libctru/lib\libctru.a(apt.o)
 *fill*         0x00121003        0x1 
 .rodata        0x00121004        0xc C:/devkitPro/libctru/lib\libctru.a(archive_dev.o)
 *(.roda)
 *(.rodata.*)
 .rodata.str1.4
                0x00121010       0x6f main.o
 *fill*         0x0012107f        0x1 
 .rodata.parseColor.str1.4
                0x00121080       0x1b C:/devkitPro/libctru/lib\libctru.a(console.o)
 *fill*         0x0012109b        0x1 
 .rodata.con_write.str1.4
                0x0012109c       0x4a C:/devkitPro/libctru/lib\libctru.a(console.o)
 *fill*         0x001210e6        0x2 
 .rodata.str1.4
                0x001210e8       0x10 C:/devkitPro/libctru/lib\libctru.a(console.o)
 .rodata.dotab_stdout
                0x001210f8       0x70 C:/devkitPro/libctru/lib\libctru.a(console.o)
 .rodata.grayScale
                0x00121168       0x18 C:/devkitPro/libctru/lib\libctru.a(console.o)
 .rodata.colorCube
                0x00121180        0x6 C:/devkitPro/libctru/lib\libctru.a(console.o)
 *fill*         0x00121186        0x2 
 .rodata.colorTable
                0x00121188       0x30 C:/devkitPro/libctru/lib\libctru.a(console.o)
 .rodata.gspInit.str1.4
                0x001211b8        0x9 C:/devkitPro/libctru/lib\libctru.a(gspgpu.o)
 *fill*         0x001211c1        0x3 
 .rodata.hidInit.str1.4
                0x001211c4       0x15 C:/devkitPro/libctru/lib\libctru.a(hid.o)
 *fill*         0x001211d9        0x3 
 .rodata.aptSendCommand.str1.4
                0x001211dc       0x16 C:/devkitPro/libctru/lib\libctru.a(apt.o)
 *fill*         0x001211f2        0x2 
 .rodata.morton_y.2
                0x001211f4        0x8 C:/devkitPro/libctru/lib\libctru.a(apt.o)
 .rodata.morton_x.3
                0x001211fc        0x8 C:/devkitPro/libctru/lib\libctru.a(apt.o)
 .rodata.s_sleepWakeEvents.4
                0x00121204        0x8 C:/devkitPro/libctru/lib\libctru.a(apt.o)
 .rodata.__system_initArgv.str1.4
                0x0012120c        0xa C:/devkitPro/libctru/lib\libctru.a(initArgv.o)
 *fill*         0x00121216        0x2 
 .rodata.default_font_bin
                0x00121218      0x800 C:/devkitPro/libctru/lib\libctru.a(default_font.bin.o)
                0x00121218                default_font_bin
                0x00121a18                default_font_bin_end
 .rodata.srvInit.str1.4
                0x00121a18        0x5 C:/devkitPro/libctru/lib\libctru.a(srv.o)
 *fill*         0x00121a1d        0x3 
 .rodata.irrstInit.str1.4
                0x00121a20        0x7 C:/devkitPro/libctru/lib\libctru.a(irrst.o)
 *fill*         0x00121a27        0x1 
 .rodata.ptmSysmInit.str1.4
                0x00121a28        0x9 C:/devkitPro/libctru/lib\libctru.a(ptmsysm.o)
 *fill*         0x00121a31        0x3 
 .rodata._archiveUnmountDeviceStruct.part.0.str1.4
                0x00121a34        0x2 C:/devkitPro/libctru/lib\libctru.a(archive_dev.o)
 *fill*         0x00121a36        0x2 
 .rodata._archiveMountDevice.str1.4
                0x00121a38        0x8 C:/devkitPro/libctru/lib\libctru.a(archive_dev.o)
                                  0xc (size before relaxing)
 .rodata.archiveMountSdmc.str1.4
                0x00121a40        0x5 C:/devkitPro/libctru/lib\libctru.a(archive_dev.o)
 *fill*         0x00121a45        0x3 
 .rodata.error_table
                0x00121a48       0x30 C:/devkitPro/libctru/lib\libctru.a(archive_dev.o)
 .rodata.str1.4
                0x00121a78        0x8 C:/devkitPro/libctru/lib\libctru.a(archive_dev.o)
 .rodata.archive_devoptab
                0x00121a80       0x70 C:/devkitPro/libctru/lib\libctru.a(archive_dev.o)
 .rodata.fsInit.str1.4
                0x00121af0        0x8 C:/devkitPro/libctru/lib\libctru.a(fs.o)
 .rodata._ctype_
                0x00121af8      0x101 c:/devkitpro/devkitarm/bin/../lib/gcc/arm-none-eabi/12.2.0/../../../../arm-none-eabi/lib/armv6k/fpu\libg.a(libc_a-ctype_.o)
                0x00121af8                _ctype_
 .rodata.__ssvfscanf_r.str1.1
                0x00121bf9        0x5 c:/devkitpro/devkitarm/bin/../lib/gcc/arm-none-eabi/12.2.0/../../../../arm-none-eabi/lib/armv6k/fpu\libg.a(libc_a-svfscanf.o)
                                  0x6 (size before relaxing)
 *fill*         0x00121bfe        0x2 
 .rodata.basefix.0
                0x00121c00       0x22 c:/devkitpro/devkitarm/bin/../lib/gcc/arm-none-eabi/12.2.0/../../../../arm-none-eabi/lib/armv6k/fpu\libg.a(libc_a-svfscanf.o)
 .rodata._vfprintf_r.str1.1
                0x00121c22       0x3b c:/devkitpro/devkitarm/bin/../lib/gcc/arm-none-eabi/12.2.0/../../../../arm-none-eabi/lib/armv6k/fpu\libg.a(libc_a-vfprintf.o)
 *fill*         0x00121c5d        0x3 
 .rodata.zeroes.0
                0x00121c60       0x10 c:/devkitpro/devkitarm/bin/../lib/gcc/arm-none-eabi/12.2.0/../../../../arm-none-eabi/lib/armv6k/fpu\libg.a(libc_a-vfprintf.o)
 .rodata.blanks.1
                0x00121c70       0x10 c:/devkitpro/devkitarm/bin/../lib/gcc/arm-none-eabi/12.2.0/../../../../arm-none-eabi/lib/armv6k/fpu\libg.a(libc_a-vfprintf.o)
 .rodata._vfiprintf_r.str1.1
                0x00121c80       0x29 c:/devkitpro/devkitarm/bin/../lib/gcc/arm-none-eabi/12.2.0/../../../../arm-none-eabi/lib/armv6k/fpu\libg.a(libc_a-vfiprintf.o)
 .rodata.zeroes.0
                0x00121c80       0x10 c:/devkitpro/devkitarm/bin/../lib/gcc/arm-none-eabi/12.2.0/../../../../arm-none-eabi/lib/armv6k/fpu\libg.a(libc_a-vfiprintf.o)
 .rodata.blanks.1
                0x00121c90       0x10 c:/devkitpro/devkitarm/bin/../lib/gcc/arm-none-eabi/12.2.0/../../../../arm-none-eabi/lib/armv6k/fpu\libg.a(libc_a-vfiprintf.o)
 .rodata.str1.4
                0x00121ca0       0x48 c:/devkitpro/devkitarm/bin/../lib/gcc/arm-none-eabi/12.2.0/../../../../arm-none-eabi/lib/armv6k/fpu\libg.a(libc_a-locale.o)
                                 0x4c (size before relaxing)
 .rodata._dtoa_r.str1.4
                0x00121ce8       0x6a c:/devkitpro/devkitarm/bin/../lib/gcc/arm-none-eabi/12.2.0/../../../../arm-none-eabi/lib/armv6k/fpu\libg.a(libc_a-dtoa.o)
 *fill*         0x00121d52        0x2 
 .rodata.__multadd.str1.4
                0x00121d54       0x43 c:/devkitpro/devkitarm/bin/../lib/gcc/arm-none-eabi/12.2.0/../../../../arm-none-eabi/lib/armv6k/fpu\libg.a(libc_a-mprec.o)
                                 0x57 (size before relaxing)
 *fill*         0x00121d97        0x1 
 .rodata.p05.0  0x00121d98        0xc c:/devkitpro/devkitarm/bin/../lib/gcc/arm-none-eabi/12.2.0/../../../../arm-none-eabi/lib/armv6k/fpu\libg.a(libc_a-mprec.o)
 *fill*         0x00121da4        0x4 
 .rodata.__mprec_bigtens
                0x00121da8       0x28 c:/devkitpro/devkitarm/bin/../lib/gcc/arm-none-eabi/12.2.0/../../../../arm-none-eabi/lib/armv6k/fpu\libg.a(libc_a-mprec.o)
                0x00121da8                __mprec_bigtens
 .rodata.__mprec_tens
                0x00121dd0       0xc8 c:/devkitpro/devkitarm/bin/../lib/gcc/arm-none-eabi/12.2.0/../../../../arm-none-eabi/lib/armv6k/fpu\libg.a(libc_a-mprec.o)
                0x00121dd0                __mprec_tens
 .rodata._strtod_l.str1.4
                0x00121e98        0xf c:/devkitpro/devkitarm/bin/../lib/gcc/arm-none-eabi/12.2.0/../../../../arm-none-eabi/lib/armv6k/fpu\libg.a(libc_a-strtod.o)
                                 0x15 (size before relaxing)
 *fill*         0x00121ea7        0x1 
 .rodata.fpinan.0
                0x00121ea8       0x14 c:/devkitpro/devkitarm/bin/../lib/gcc/arm-none-eabi/12.2.0/../../../../arm-none-eabi/lib/armv6k/fpu\libg.a(libc_a-strtod.o)
 .rodata.fpi.1  0x00121ebc       0x14 c:/devkitpro/devkitarm/bin/../lib/gcc/arm-none-eabi/12.2.0/../../../../arm-none-eabi/lib/armv6k/fpu\libg.a(libc_a-strtod.o)
 .rodata.tinytens
                0x00121ed0       0x28 c:/devkitpro/devkitarm/bin/../lib/gcc/arm-none-eabi/12.2.0/../../../../arm-none-eabi/lib/armv6k/fpu\libg.a(libc_a-strtod.o)
 .rodata._mbrtowc_r.str1.4
                0x00121ef8        0x1 c:/devkitpro/devkitarm/bin/../lib/gcc/arm-none-eabi/12.2.0/../../../../arm-none-eabi/lib/armv6k/fpu\libg.a(libc_a-mbrtowc.o)
 .rodata.__action_table
                0x00121ef8       0x6c c:/devkitpro/devkitarm/bin/../lib/gcc/arm-none-eabi/12.2.0/../../../../arm-none-eabi/lib/armv6k/fpu\libg.a(libc_a-svfiprintf.o)
                0x00121ef8                __action_table
 .rodata.__state_table
                0x00121f64       0x6c c:/devkitpro/devkitarm/bin/../lib/gcc/arm-none-eabi/12.2.0/../../../../arm-none-eabi/lib/armv6k/fpu\libg.a(libc_a-svfiprintf.o)
                0x00121f64                __state_table
 .rodata.__chclass
                0x00121fd0      0x100 c:/devkitpro/devkitarm/bin/../lib/gcc/arm-none-eabi/12.2.0/../../../../arm-none-eabi/lib/armv6k/fpu\libg.a(libc_a-svfiprintf.o)
                0x00121fd0                __chclass
 .rodata._svfprintf_r.str1.1
                0x001220d0       0x3b c:/devkitpro/devkitarm/bin/../lib/gcc/arm-none-eabi/12.2.0/../../../../arm-none-eabi/lib/armv6k/fpu\libg.a(libc_a-svfprintf.o)
 .rodata.zeroes.0
                0x001220d0       0x10 c:/devkitpro/devkitarm/bin/../lib/gcc/arm-none-eabi/12.2.0/../../../../arm-none-eabi/lib/armv6k/fpu\libg.a(libc_a-svfprintf.o)
 .rodata.blanks.1
                0x001220e0       0x10 c:/devkitpro/devkitarm/bin/../lib/gcc/arm-none-eabi/12.2.0/../../../../arm-none-eabi/lib/armv6k/fpu\libg.a(libc_a-svfprintf.o)
 .rodata.__assert_func.str1.4
                0x001220f0       0x3f c:/devkitpro/devkitarm/bin/../lib/gcc/arm-none-eabi/12.2.0/../../../../arm-none-eabi/lib/armv6k/fpu\libg.a(libc_a-assert.o)
                                 0x43 (size before relaxing)
 *fill*         0x0012212f        0x1 
 .rodata.__gethex.str1.4
                0x00122130       0x4a c:/devkitpro/devkitarm/bin/../lib/gcc/arm-none-eabi/12.2.0/../../../../arm-none-eabi/lib/armv6k/fpu\libg.a(libc_a-gdtoa-gethex.o)
                                 0x62 (size before relaxing)
 *fill*         0x0012217a        0x2 
 .rodata.__hexdig
                0x0012217c      0x100 c:/devkitpro/devkitarm/bin/../lib/gcc/arm-none-eabi/12.2.0/../../../../arm-none-eabi/lib/armv6k/fpu\libg.a(libc_a-gdtoa-gethex.o)
                0x0012217c                __hexdig
 .rodata.categories
                0x0012227c     0x3528 c:/devkitpro/devkitarm/bin/../lib/gcc/arm-none-eabi/12.2.0/../../../../arm-none-eabi/lib/armv6k/fpu\libg.a(libc_a-categories.o)
 .rodata.AddDevice.str1.4
                0x001257a4        0x8 c:/devkitpro/devkitarm/bin/../lib/gcc/arm-none-eabi/12.2.0/../../../../arm-none-eabi/lib/armv6k/fpu\libsysbase.a(libsysbase_libsysbase_a-iosupport.o)
 .rodata.dotab_stdnull
                0x001257a4       0x70 c:/devkitpro/devkitarm/bin/../lib/gcc/arm-none-eabi/12.2.0/../../../../arm-none-eabi/lib/armv6k/fpu\libsysbase.a(libsysbase_libsysbase_a-iosupport.o)
                0x001257a4                dotab_stdnull
 *all.rodata*(*)
 *(.gnu.linkonce.r*)
                0x00125814                        . = ALIGN (0x4)
                0x00125814                        __tdata_align = .
                0x00125814        0x4 LONG 0x1 ALIGNOF (.tdata)
                0x00125818                        . = ALIGN (0x4)

.eh_frame       0x00125818        0x0
 .eh_frame      0x00125818        0x0 c:/devkitpro/devkitarm/bin/../lib/gcc/arm-none-eabi/12.2.0/armv6k/fpu/crtbegin.o

.rel.dyn        0x00125818        0x0
 .rel.iplt      0x00125818        0x0 c:/devkitpro/devkitarm/bin/../lib/gcc/arm-none-eabi/12.2.0/../../../../arm-none-eabi/lib/armv6k/fpu/3dsx_crt0.o
 .rel.got       0x00125818        0x0 c:/devkitpro/devkitarm/bin/../lib/gcc/arm-none-eabi/12.2.0/../../../../arm-none-eabi/lib/armv6k/fpu/3dsx_crt0.o

.ARM.extab
 *(.ARM.extab* .gnu.linkonce.armextab.*)
                0x00125818                        __exidx_start = .

ARM.exidx
 *(.ARM.exidx* .gnu.linkonce.armexidx.*)
                0x00125818                        __exidx_end = .
                0x00126000                        . = ALIGN (0x1000)

.data           0x00126000     0x1bc8
 *(.data)
 *(.data.*)
 .data.firstConsoleInit.0
                0x00126000        0x1 C:/devkitPro/libctru/lib\libctru.a(console.o)
 *fill*         0x00126001        0x3 
 .data.currentConsole
                0x00126004        0x4 C:/devkitPro/libctru/lib\libctru.a(console.o)
                0x00126004                currentConsole
 .data.defaultConsole
                0x00126008       0x48 C:/devkitPro/libctru/lib\libctru.a(console.o)
                0x00126008                defaultConsole
 .data.kCount   0x00126050        0x4 C:/devkitPro/libctru/lib\libctru.a(hid.o)
 .data.kInterval
                0x00126054        0x4 C:/devkitPro/libctru/lib\libctru.a(hid.o)
 .data.kDelay   0x00126058        0x4 C:/devkitPro/libctru/lib\libctru.a(hid.o)
 .data.aptChainloadDeliverArgSize
                0x0012605c        0x4 C:/devkitPro/libctru/lib\libctru.a(apt.o)
 .data.__stacksize__
                0x00126060        0x4 C:/devkitPro/libctru/lib\libctru.a(stack_adjust.o)
                0x00126060                __stacksize__
 .data.__malloc_sbrk_base
                0x00126064        0x4 c:/devkitpro/devkitarm/bin/../lib/gcc/arm-none-eabi/12.2.0/../../../../arm-none-eabi/lib/armv6k/fpu\libg.a(libc_a-mallocr.o)
                0x00126064                __malloc_sbrk_base
 .data.__malloc_trim_threshold
                0x00126068        0x4 c:/devkitpro/devkitarm/bin/../lib/gcc/arm-none-eabi/12.2.0/../../../../arm-none-eabi/lib/armv6k/fpu\libg.a(libc_a-mallocr.o)
                0x00126068                __malloc_trim_threshold
 *fill*         0x0012606c        0x4 
 .data.__malloc_av_
                0x00126070      0x408 c:/devkitpro/devkitarm/bin/../lib/gcc/arm-none-eabi/12.2.0/../../../../arm-none-eabi/lib/armv6k/fpu\libg.a(libc_a-mallocr.o)
                0x00126070                __malloc_av_
 .data.__sglue  0x00126478        0xc c:/devkitpro/devkitarm/bin/../lib/gcc/arm-none-eabi/12.2.0/../../../../arm-none-eabi/lib/armv6k/fpu\libg.a(libc_a-findfp.o)
                0x00126478                __sglue
 .data._impure_ptr
                0x00126484        0x4 c:/devkitpro/devkitarm/bin/../lib/gcc/arm-none-eabi/12.2.0/../../../../arm-none-eabi/lib/armv6k/fpu\libg.a(libc_a-impure.o)
                0x00126484                _impure_ptr
 .data._impure_data
                0x00126488      0x120 c:/devkitpro/devkitarm/bin/../lib/gcc/arm-none-eabi/12.2.0/../../../../arm-none-eabi/lib/armv6k/fpu\libg.a(libc_a-impure.o)
                0x00126488                _impure_data
 .data.__global_locale
                0x001265a8      0x16c c:/devkitpro/devkitarm/bin/../lib/gcc/arm-none-eabi/12.2.0/../../../../arm-none-eabi/lib/armv6k/fpu\libg.a(libc_a-locale.o)
                0x001265a8                __global_locale
 .data._current_working_directory
                0x00126714      0x400 c:/devkitpro/devkitarm/bin/../lib/gcc/arm-none-eabi/12.2.0/../../../../arm-none-eabi/lib/armv6k/fpu\libsysbase.a(libsysbase_libsysbase_a-chdir.o)
 .data.handles  0x00126b14     0x1000 c:/devkitpro/devkitarm/bin/../lib/gcc/arm-none-eabi/12.2.0/../../../../arm-none-eabi/lib/armv6k/fpu\libsysbase.a(libsysbase_libsysbase_a-handle_manager.o)
 .data.__stderr_handle
                0x00127b14        0xc c:/devkitpro/devkitarm/bin/../lib/gcc/arm-none-eabi/12.2.0/../../../../arm-none-eabi/lib/armv6k/fpu\libsysbase.a(libsysbase_libsysbase_a-handle_manager.o)
 .data.__stdout_handle
                0x00127b20        0xc c:/devkitpro/devkitarm/bin/../lib/gcc/arm-none-eabi/12.2.0/../../../../arm-none-eabi/lib/armv6k/fpu\libsysbase.a(libsysbase_libsysbase_a-handle_manager.o)
 .data.__stdin_handle
                0x00127b2c        0xc c:/devkitpro/devkitarm/bin/../lib/gcc/arm-none-eabi/12.2.0/../../../../arm-none-eabi/lib/armv6k/fpu\libsysbase.a(libsysbase_libsysbase_a-handle_manager.o)
 .data.devoptab_list
                0x00127b38       0x8c c:/devkitpro/devkitarm/bin/../lib/gcc/arm-none-eabi/12.2.0/../../../../arm-none-eabi/lib/armv6k/fpu\libsysbase.a(libsysbase_libsysbase_a-iosupport.o)
                0x00127b38                devoptab_list
 .data.defaultDevice
                0x00127bc4        0x4 c:/devkitpro/devkitarm/bin/../lib/gcc/arm-none-eabi/12.2.0/../../../../arm-none-eabi/lib/armv6k/fpu\libsysbase.a(libsysbase_libsysbase_a-iosupport.o)
 *(.gnu.linkonce.d*)
                0x00127bc8                        . = ALIGN (0x4)

.igot.plt       0x00127bc8        0x0
 .igot.plt      0x00127bc8        0x0 c:/devkitpro/devkitarm/bin/../lib/gcc/arm-none-eabi/12.2.0/../../../../arm-none-eabi/lib/armv6k/fpu/3dsx_crt0.o

.got            0x00127bc8        0x8
 .got           0x00127bc8        0x8 c:/devkitpro/devkitarm/bin/../lib/gcc/arm-none-eabi/12.2.0/../../../../arm-none-eabi/lib/armv6k/fpu/3dsx_crt0.o

.got.plt        0x00127bd0        0xc
 .got.plt       0x00127bd0        0xc c:/devkitpro/devkitarm/bin/../lib/gcc/arm-none-eabi/12.2.0/../../../../arm-none-eabi/lib/armv6k/fpu/3dsx_crt0.o
                0x00127bd0                _GLOBAL_OFFSET_TABLE_

.tdata          0x00127bdc        0x0
                0x00127bdc                        __tdata_lma = .
 *(.tdata)
 *(.tdata.*)
 *(.gnu.linkonce.td.*)
                0x00127bdc                        . = ALIGN (0x4)
                0x00127bdc                        __tdata_lma_end = .

.tbss           0x00127bdc      0xc08
 *(.tbss)
 *(.tbss.*)
 .tbss.__ctru_dev_utf16_buf
                0x00127bdc      0x802 C:/devkitPro/libctru/lib\libctru.a(path_buf.o)
                0x00127bdc                __ctru_dev_utf16_buf
 *fill*         0x001283de        0x2 
 .tbss.__ctru_dev_path_buf
                0x001283e0      0x401 C:/devkitPro/libctru/lib\libctru.a(path_buf.o)
                0x001283e0                __ctru_dev_path_buf
 *(.gnu.linkonce.tb.*)
 *(.tcommon)
                0x001287e4                        . = ALIGN (0x4)
 *fill*         0x001287e1        0x3 

.preinit_array  0x00127bdc        0x0
                0x00127bdc                        PROVIDE (__preinit_array_start = .)
 *(.preinit_array)
                0x00127bdc                        PROVIDE (__preinit_array_end = .)

.init_array     0x00127bdc        0x4
                0x00127bdc                        PROVIDE (__init_array_start = .)
 *(SORT_BY_NAME(.init_array.*))
 *(.init_array)
 .init_array    0x00127bdc        0x4 c:/devkitpro/devkitarm/bin/../lib/gcc/arm-none-eabi/12.2.0/armv6k/fpu/crtbegin.o
                0x00127be0                        PROVIDE (__init_array_end = .)

.fini_array     0x00127be0        0x4
                0x00127be0                        PROVIDE (__fini_array_start = .)
 *(.fini_array)
 .fini_array    0x00127be0        0x4 c:/devkitpro/devkitarm/bin/../lib/gcc/arm-none-eabi/12.2.0/armv6k/fpu/crtbegin.o
 *(SORT_BY_NAME(.fini_array.*))
                0x00127be4                        PROVIDE (__fini_array_end = .)

.ctors
 *crtbegin.o(.ctors)
 *(EXCLUDE_FILE(*crtend.o) .ctors)
 *(SORT_BY_NAME(.ctors.*))
 *(.ctors)

.dtors
 *crtbegin.o(.dtors)
 *(EXCLUDE_FILE(*crtend.o) .dtors)
 *(SORT_BY_NAME(.dtors.*))
 *(.dtors)
                0x00127be4                        __bss_start__ = .

.bss            0x00127be4     0x2d58
 *(.dynbss)
 *(.bss)
 *(.bss.*)
 .bss.completed.1
                0x00127be4        0x1 c:/devkitpro/devkitarm/bin/../lib/gcc/arm-none-eabi/12.2.0/armv6k/fpu/crtbegin.o
 *fill*         0x00127be5        0x3 